
SQL*Plus: Release 19.0.0.0.0 - Production on Mon Oct 16 12:07:38 2023
Version 19.3.0.0.0

Copyright (c) 1982, 2019, Oracle.  All rights reserved.

Enter user-name: sys / as sysdba
Enter password:

Connected to:
Oracle Database 19c Enterprise Edition Release 19.0.0.0.0 - Production
Version 19.3.0.0.0

SQL> show user;
USER is "SYS"
SQL> conn user493/tiger;
Connected.
SQL> select * from emp;
select * from emp
              *
ERROR at line 1:
ORA-00942: table or view does not exist


SQL> select * from employee;
select * from employee
              *
ERROR at line 1:
ORA-00942: table or view does not exist


SQL> select * from employees;
select * from employees
              *
ERROR at line 1:
ORA-00942: table or view does not exist


SQL> show tables;
SP2-0158: unknown SHOW option "tables"
SQL> create table departments(
  2  id number(10) primary key,
  3  name varchar2(20) not null unique,
  4  created_at date default sysdate);

Table created.

SQL> create sequence emp_seq
  2  start with 1
  3  increment by 1;

Sequence created.

SQL>
SQL> create table employees(
  2  id number(10) primary key,
  3  name varchar2(30) not null,
  4  city varchar2(30) not null,
  5  email varchar2(30) not null unique,
  6  salary number(10) not null,
  7  did number(10),
  8  foreign key(did) references departments(id),
  9  created_at date default sysdate);

Table created.

SQL> create sequence dept_seq
  2  start with 1
  3  increment by 1;

Sequence created.

SQL> insert into departments(id,name) values (dept_seq.nextval,'HR');

1 row created.

SQL> insert into departments(id,name) values (dept_seq.nextval,'IT');

1 row created.

SQL> insert into departments(id,name) values (dept_seq.nextval,'IT');
insert into departments(id,name) values (dept_seq.nextval,'IT')
*
ERROR at line 1:
ORA-00001: unique constraint (USER493.SYS_C007588) violated


SQL> insert into departments(id,name) values (dept_seq.nextval,'MANAGER');

1 row created.

SQL> insert into departments(id,name) values (dept_seq.nextval,'SALES');

1 row created.

SQL> insert into departments(id,name) values (dept_seq.nextval,'MARKETING');

1 row created.

SQL> insert into employees(id,name,city,email,salary,did) values (emp_seq.nextval,'soham','soham@gmail.com',35000,2);
insert into employees(id,name,city,email,salary,did) values (emp_seq.nextval,'soham','soham@gmail.com',35000,2)
                                                     *
ERROR at line 1:
ORA-00947: not enough values


SQL> insert into employees(id,name,city,email,salary,did) values (emp_seq.nextval,'soham','Pune','soham@gmail.com',35000,2);

1 row created.

SQL> insert into employees(id,name,city,email,salary,did) values (emp_seq.nextval,'abhi','Pune','abhi@gmail.com',35000,2);

1 row created.

SQL> insert into employees(id,name,city,email,salary,did) values (emp_seq.nextval,'ramu','Mumbai','ramu@gmail.com',45000,1);

1 row created.

SQL> insert into employees(id,name,city,email,salary,did) values (emp_seq.nextval,'nikhil','Mumbai','nikhil@gmail.com',55000,4);

1 row created.

SQL> insert into employees(id,name,city,email,salary,did) values (emp_seq.nextval,'gaurav','delhi','gaurav@gmail.com',60000,3);
insert into employees(id,name,city,email,salary,did) values (emp_seq.nextval,'gaurav','delhi','gaurav@gmail.com',60000,3)
*
ERROR at line 1:
ORA-02291: integrity constraint (USER493.SYS_C007595) violated - parent key not
found


SQL> insert into employees(id,name,city,email,salary,did) values (emp_seq.nextval,'gaurav','delhi','gaurav@gmail.com',60000,3);
insert into employees(id,name,city,email,salary,did) values (emp_seq.nextval,'gaurav','delhi','gaurav@gmail.com',60000,3)
*
ERROR at line 1:
ORA-02291: integrity constraint (USER493.SYS_C007595) violated - parent key not
found


SQL> insert into employees(id,name,city,email,salary,did) values (emp_seq.nextval,'gaurav','delhi','gaurav@gmail.com',60000,5);

1 row created.

SQL> select * from departments;

        ID NAME                 CREATED_A
---------- -------------------- ---------
         1 HR                   16-OCT-23
         2 IT                   16-OCT-23
         4 MANAGER              16-OCT-23
         5 SALES                16-OCT-23
         6 MARKETING            16-OCT-23

SQL> select * from employees;

        ID NAME                           CITY
---------- ------------------------------ ------------------------------
EMAIL                              SALARY        DID CREATED_A
------------------------------ ---------- ---------- ---------
         1 soham                          Pune
soham@gmail.com                     35000          2 16-OCT-23

         2 abhi                           Pune
abhi@gmail.com                      35000          2 16-OCT-23

         3 ramu                           Mumbai
ramu@gmail.com                      45000          1 16-OCT-23


        ID NAME                           CITY
---------- ------------------------------ ------------------------------
EMAIL                              SALARY        DID CREATED_A
------------------------------ ---------- ---------- ---------
         4 nikhil                         Mumbai
nikhil@gmail.com                    55000          4 16-OCT-23

         7 gaurav                         delhi
gaurav@gmail.com                    60000          5 16-OCT-23


SQL> set lizesize 150;
SP2-0158: unknown SET option "lizesize"
SQL> set linesize 150;
SQL> select * from employees;

        ID NAME                           CITY                           EMAIL                              SALARY        DID CREATED_A
---------- ------------------------------ ------------------------------ ------------------------------ ---------- ---------- ---------
         1 soham                          Pune                           soham@gmail.com                     35000          2 16-OCT-23
         2 abhi                           Pune                           abhi@gmail.com                      35000          2 16-OCT-23
         3 ramu                           Mumbai                         ramu@gmail.com                      45000          1 16-OCT-23
         4 nikhil                         Mumbai                         nikhil@gmail.com                    55000          4 16-OCT-23
         7 gaurav                         delhi                          gaurav@gmail.com                    60000          5 16-OCT-23

SQL> select * from departments;

        ID NAME                 CREATED_A
---------- -------------------- ---------
         1 HR                   16-OCT-23
         2 IT                   16-OCT-23
         4 MANAGER              16-OCT-23
         5 SALES                16-OCT-23
         6 MARKETING            16-OCT-23

SQL> insert into employees(id,name,city,email,salary,did) values (emp_seq.nextval,'krushna','banglore','krushna@gmail.com',50000,null);

1 row created.

SQL> select * from employees;

        ID NAME                           CITY                           EMAIL                              SALARY        DID CREATED_A
---------- ------------------------------ ------------------------------ ------------------------------ ---------- ---------- ---------
         1 soham                          Pune                           soham@gmail.com                     35000          2 16-OCT-23
         2 abhi                           Pune                           abhi@gmail.com                      35000          2 16-OCT-23
         3 ramu                           Mumbai                         ramu@gmail.com                      45000          1 16-OCT-23
         4 nikhil                         Mumbai                         nikhil@gmail.com                    55000          4 16-OCT-23
         7 gaurav                         delhi                          gaurav@gmail.com                    60000          5 16-OCT-23
         8 krushna                        banglore                       krushna@gmail.com                   50000            16-OCT-23

6 rows selected.

SQL> select d.id,d.name,e.did,e.name from departments INNER JOIN employees ON departments.id=employees.did;
select d.id,d.name,e.did,e.name from departments INNER JOIN employees ON departments.id=employees.did
                         *
ERROR at line 1:
ORA-00904: "E"."NAME": invalid identifier


SQL> select d.id,d.name,e.did,e.name from departments INNER JOIN employees ON departments.id=employees.did;
select d.id,d.name,e.did,e.name from departments INNER JOIN employees ON departments.id=employees.did
                         *
ERROR at line 1:
ORA-00904: "E"."NAME": invalid identifier


SQL> select d.id,d.name,e.did,e.name from departments d INNER JOIN employees e ON d.id=e.did;

        ID NAME                        DID NAME
---------- -------------------- ---------- ------------------------------
         2 IT                            2 soham
         2 IT                            2 abhi
         1 HR                            1 ramu
         4 MANAGER                       4 nikhil
         5 SALES                         5 gaurav

SQL> select d.id,d.name,e.did,e.name from departments d OUTER JOIN employees e ON d.id=e.did;
select d.id,d.name,e.did,e.name from departments d OUTER JOIN employees e ON d.id=e.did
                                                         *
ERROR at line 1:
ORA-00905: missing keyword


SQL> select d.id,d.name,e.did,e.name from departments d LEFT OUTER JOIN employees e ON d.id=e.did;

        ID NAME                        DID NAME
---------- -------------------- ---------- ------------------------------
         2 IT                            2 soham
         2 IT                            2 abhi
         1 HR                            1 ramu
         4 MANAGER                       4 nikhil
         5 SALES                         5 gaurav
         6 MARKETING

6 rows selected.

SQL> select d.id,d.name,e.did,e.name from departments d RIGHT OUTER JOIN employees e ON d.id=e.did;

        ID NAME                        DID NAME
---------- -------------------- ---------- ------------------------------
         1 HR                            1 ramu
         2 IT                            2 soham
         2 IT                            2 abhi
         4 MANAGER                       4 nikhil
         5 SALES                         5 gaurav
                                           krushna

6 rows selected.

SQL> select d.id,d.name,e.did,e.name from departments d RIGHT  JOIN employees e ON d.id=e.did;

        ID NAME                        DID NAME
---------- -------------------- ---------- ------------------------------
         1 HR                            1 ramu
         2 IT                            2 soham
         2 IT                            2 abhi
         4 MANAGER                       4 nikhil
         5 SALES                         5 gaurav
                                           krushna

6 rows selected.

SQL> select d.id,d.name,e.did,e.name from departments d LEFT  JOIN employees e ON d.id=e.did;

        ID NAME                        DID NAME
---------- -------------------- ---------- ------------------------------
         2 IT                            2 soham
         2 IT                            2 abhi
         1 HR                            1 ramu
         4 MANAGER                       4 nikhil
         5 SALES                         5 gaurav
         6 MARKETING

6 rows selected.

SQL> select d.id,d.name,e.did,e.name from departments d CROSS  JOIN employees e ON d.id=e.did;
select d.id,d.name,e.did,e.name from departments d CROSS  JOIN employees e ON d.id=e.did
                                                                           *
ERROR at line 1:
ORA-00933: SQL command not properly ended


SQL> select d.id,d.name,e.did,e.name from departments d EQUI  JOIN employees e ON d.id=e.did;
select d.id,d.name,e.did,e.name from departments d EQUI  JOIN employees e ON d.id=e.did
                                                   *
ERROR at line 1:
ORA-00933: SQL command not properly ended


SQL> select d.id,d.name,e.did,e.name from departments d  JOIN employees e ON d.id=e.did;

        ID NAME                        DID NAME
---------- -------------------- ---------- ------------------------------
         2 IT                            2 soham
         2 IT                            2 abhi
         1 HR                            1 ramu
         4 MANAGER                       4 nikhil
         5 SALES                         5 gaurav

SQL> create table bank_details(
  2  id number(10) primary key,
  3  account number(16) unique not null,
  4  ifsc varchar2(20) not null,
  5  branch varchar2(30) not null,
  6  eid number(10),
  7  foreign key(eid) references employees(id),
  8  created_at date default sysdate);

Table created.

SQL> create sequence bank_seq
  2  start with 1
  3  increment by 1;

Sequence created.

SQL> insert into bank_details(id,account,ifsc,branch,eid) values (bank_seq.nextval,4537282324,'SBIN0001673','kharadi',1);

1 row created.

SQL> insert into bank_details(id,account,ifsc,branch,eid) values (bank_seq.nextval,7584738553,'KBKk0001673','mundhwa',2);

1 row created.

SQL> insert into bank_details(id,account,ifsc,branch,eid) values (bank_seq.nextval,4646396395,'HDFC0003725','hadpsar',3);

1 row created.

SQL> insert into bank_details(id,account,ifsc,branch,eid) values (bank_seq.nextval,9352438344,'ICICI0007384','sinhgad',4);

1 row created.

SQL> insert into bank_details(id,account,ifsc,branch,eid) values (bank_seq.nextval,7350795243,'HDFC0002537','andheri',5);
insert into bank_details(id,account,ifsc,branch,eid) values (bank_seq.nextval,7350795243,'HDFC0002537','andheri',5)
*
ERROR at line 1:
ORA-02291: integrity constraint (USER493.SYS_C007601) violated - parent key not found


SQL> insert into bank_details(id,account,ifsc,branch,eid) values (bank_seq.nextval,7350795243,'HDFC0002537','andheri',8);

1 row created.

SQL> select * from bank_details;

        ID    ACCOUNT IFSC                 BRANCH                                EID CREATED_A
---------- ---------- -------------------- ------------------------------ ---------- ---------
         1 4537282324 SBIN0001673          kharadi                                 1 16-OCT-23
         2 7584738553 KBKk0001673          mundhwa                                 2 16-OCT-23
         3 4646396395 HDFC0003725          hadpsar                                 3 16-OCT-23
         4 9352438344 ICICI0007384         sinhgad                                 4 16-OCT-23
         6 7350795243 HDFC0002537          andheri                                 8 16-OCT-23

SQL> select d.id,e.id,bd.id,d.name,e.name,e.salary,bd.account,bd.branch from departments d inner join employees e
  2  on d.id=e.id
  3  inner join bank_details bd
  4  on e.id=bd.eid;

        ID         ID         ID NAME                 NAME                               SALARY    ACCOUNT BRANCH
---------- ---------- ---------- -------------------- ------------------------------ ---------- ---------- ------------------------------
         1          1          1 HR                   soham                               35000 4537282324 kharadi
         2          2          2 IT                   abhi                                35000 7584738553 mundhwa
         4          4          4 MANAGER              nikhil                              55000 9352438344 sinhgad

SQL> select d.id,d.name,e.did,e.name from departments d  EQUI JOIN employees e ON d.id=e.did;
select d.id,d.name,e.did,e.name from departments d  EQUI JOIN employees e ON d.id=e.did
                                                    *
ERROR at line 1:
ORA-00933: SQL command not properly ended


SQL> create table users(
  2  id number(10) primary key,
  3  name varchar2(30) not null,
  4  username varchar2(30) not null unique,
  5  password varchar2(30) not null,
  6  bio varchar2(30) ,
  7  link varchar2(30),
  8  type varchar2(30) default 'public' not null,
  9  created_at date default sysdate);

Table created.

SQL> create sequence user_seq
  2  start with 1
  3  increment by 1;

Sequence created.

SQL> create table posts(
  2  id number(10) primary key,
  3  caption varchar2(30),
  4  media varchar2(30) not null,
  5  type varchar2(30) not null,
  6  user_id number(10) ,
  7  foreign key(user_id) references users(id),
  8  created_at date default sysdate);

Table created.

SQL> create sequence post_seq
  2  start with 1
  3  increment by 1;

Sequence created.

SQL> create table comments(
  2  id number(10) primary key,
  3  user_id number(10),
  4  foreign key(user_id) references users(id),
  5  post_id number(10),
  6  foreign key(post_id) references posts(id),
  7  message varchar2(30),
  8  created_at date default sysdate);

Table created.

SQL> create sequence comnt_seq
  2  start with 1
  3  increment by 1;

Sequence created.

SQL> insert into users(id,name,username,password,bio,link,type) values (user_seq.nextval,'soham','soham888','soham@123','student','shdued.com','public');

1 row created.

SQL> insert into users(id,name,username,password,bio,link,type) values (user_seq.nextval,'abhishek','abhi07','abhi@123','student','dhgfd.com');
insert into users(id,name,username,password,bio,link,type) values (user_seq.nextval,'abhishek','abhi07','abhi@123','student','dhgfd.com')
                                                           *
ERROR at line 1:
ORA-00947: not enough values


SQL> insert into users(id,name,username,password,bio,link,type) values (user_seq.nextval,'abhishek','abhi07','abhi@123','student','dhgfd.com',null);
insert into users(id,name,username,password,bio,link,type) values (user_seq.nextval,'abhishek','abhi07','abhi@123','student','dhgfd.com',null)
                                                                                                                                         *
ERROR at line 1:
ORA-01400: cannot insert NULL into ("USER493"."USERS"."TYPE")


SQL> insert into users(id,name,username,password,bio,link,type) values (user_seq.nextval,'abhishek','abhi07','abhi@123','student','dhgfd.com','public');

1 row created.

SQL> insert into users(id,name,username,password,bio,link) values (user_seq.nextval,'gaurav','gaurav3g','gaurav@123','student','dhgfd.com');

1 row created.

SQL> insert into users(id,name,username,password,bio,link) values (user_seq.nextval,'rameshwar','ramu0933','ramu@123','student','dhgfd.com');

1 row created.

SQL> insert into users(id,name,username,password,bio,link) values (user_seq.nextval,'krushna','krushnam3443','krushna@123','student','dkkrs.com');

1 row created.

SQL> select * from users;

        ID NAME                           USERNAME                       PASSWORD                       BIO
---------- ------------------------------ ------------------------------ ------------------------------ ------------------------------
LINK                           TYPE                           CREATED_A
------------------------------ ------------------------------ ---------
         1 soham                          soham888                       soham@123                      student
shdued.com                     public                         16-OCT-23

         3 abhishek                       abhi07                         abhi@123                       student
dhgfd.com                      public                         16-OCT-23

         4 gaurav                         gaurav3g                       gaurav@123                     student
dhgfd.com                      public                         16-OCT-23


        ID NAME                           USERNAME                       PASSWORD                       BIO
---------- ------------------------------ ------------------------------ ------------------------------ ------------------------------
LINK                           TYPE                           CREATED_A
------------------------------ ------------------------------ ---------
         5 rameshwar                      ramu0933                       ramu@123                       student
dhgfd.com                      public                         16-OCT-23

         6 krushna                        krushnam3443                   krushna@123                    student
dkkrs.com                      public                         16-OCT-23


SQL> set linesize 150;
SQL> select * from users;

        ID NAME                           USERNAME                       PASSWORD                       BIO
---------- ------------------------------ ------------------------------ ------------------------------ ------------------------------
LINK                           TYPE                           CREATED_A
------------------------------ ------------------------------ ---------
         1 soham                          soham888                       soham@123                      student
shdued.com                     public                         16-OCT-23

         3 abhishek                       abhi07                         abhi@123                       student
dhgfd.com                      public                         16-OCT-23

         4 gaurav                         gaurav3g                       gaurav@123                     student
dhgfd.com                      public                         16-OCT-23


        ID NAME                           USERNAME                       PASSWORD                       BIO
---------- ------------------------------ ------------------------------ ------------------------------ ------------------------------
LINK                           TYPE                           CREATED_A
------------------------------ ------------------------------ ---------
         5 rameshwar                      ramu0933                       ramu@123                       student
dhgfd.com                      public                         16-OCT-23

         6 krushna                        krushnam3443                   krushna@123                    student
dkkrs.com                      public                         16-OCT-23


SQL> set linesize 100;
SQL> select * from users;

        ID NAME                           USERNAME
---------- ------------------------------ ------------------------------
PASSWORD                       BIO                            LINK
------------------------------ ------------------------------ ------------------------------
TYPE                           CREATED_A
------------------------------ ---------
         1 soham                          soham888
soham@123                      student                        shdued.com
public                         16-OCT-23

         3 abhishek                       abhi07
abhi@123                       student                        dhgfd.com
public                         16-OCT-23

        ID NAME                           USERNAME
---------- ------------------------------ ------------------------------
PASSWORD                       BIO                            LINK
------------------------------ ------------------------------ ------------------------------
TYPE                           CREATED_A
------------------------------ ---------

         4 gaurav                         gaurav3g
gaurav@123                     student                        dhgfd.com
public                         16-OCT-23

         5 rameshwar                      ramu0933
ramu@123                       student                        dhgfd.com

        ID NAME                           USERNAME
---------- ------------------------------ ------------------------------
PASSWORD                       BIO                            LINK
------------------------------ ------------------------------ ------------------------------
TYPE                           CREATED_A
------------------------------ ---------
public                         16-OCT-23

         6 krushna                        krushnam3443
krushna@123                    student                        dkkrs.com
public                         16-OCT-23


SQL> set linesize 200;
SQL> select * from users;

        ID NAME                           USERNAME                       PASSWORD                       BIO                            LINK
                      TYPE
---------- ------------------------------ ------------------------------ ------------------------------ ------------------------------ ------------------------------ ------------------------------
CREATED_A
---------
         1 soham                          soham888                       soham@123                      student                        shdued.com
                      public
16-OCT-23

         3 abhishek                       abhi07                         abhi@123                       student                        dhgfd.com
                      public
16-OCT-23

         4 gaurav                         gaurav3g                       gaurav@123                     student                        dhgfd.com
                      public
16-OCT-23


        ID NAME                           USERNAME                       PASSWORD                       BIO                            LINK
                      TYPE
---------- ------------------------------ ------------------------------ ------------------------------ ------------------------------ ------------------------------ ------------------------------
CREATED_A
---------
         5 rameshwar                      ramu0933                       ramu@123                       student                        dhgfd.com
                      public
16-OCT-23

         6 krushna                        krushnam3443                   krushna@123                    student                        dkkrs.com
                      public
16-OCT-23


SQL> set linesize 300;
SQL> select * from users;

        ID NAME                           USERNAME                       PASSWORD                       BIO                            LINK
                      TYPE                           CREATED_A
---------- ------------------------------ ------------------------------ ------------------------------ ------------------------------ ------------------------------ ------------------------------ ---------
         1 soham                          soham888                       soham@123                      student                        shdued.com
                      public                         16-OCT-23
         3 abhishek                       abhi07                         abhi@123                       student                        dhgfd.com
                      public                         16-OCT-23
         4 gaurav                         gaurav3g                       gaurav@123                     student                        dhgfd.com
                      public                         16-OCT-23
         5 rameshwar                      ramu0933                       ramu@123                       student                        dhgfd.com
                      public                         16-OCT-23
         6 krushna                        krushnam3443                   krushna@123                    student                        dkkrs.com
                      public                         16-OCT-23

SQL> set linesize 250;
SQL> select * from users;

        ID NAME                           USERNAME                       PASSWORD                       BIO                            LINK
                      TYPE                           CREATED_A
---------- ------------------------------ ------------------------------ ------------------------------ ------------------------------ ------------------------------ ------------------------------ ---------
         1 soham                          soham888                       soham@123                      student                        shdued.com
                      public                         16-OCT-23
         3 abhishek                       abhi07                         abhi@123                       student                        dhgfd.com
                      public                         16-OCT-23
         4 gaurav                         gaurav3g                       gaurav@123                     student                        dhgfd.com
                      public                         16-OCT-23
         5 rameshwar                      ramu0933                       ramu@123                       student                        dhgfd.com
                      public                         16-OCT-23
         6 krushna                        krushnam3443                   krushna@123                    student                        dkkrs.com
                      public                         16-OCT-23

SQL> set linesize 350;
SQL> select * from users;

        ID NAME                           USERNAME                       PASSWORD                       BIO                            LINK
                      TYPE                           CREATED_A
---------- ------------------------------ ------------------------------ ------------------------------ ------------------------------ ------------------------------ ------------------------------ ---------
         1 soham                          soham888                       soham@123                      student                        shdued.com
                      public                         16-OCT-23
         3 abhishek                       abhi07                         abhi@123                       student                        dhgfd.com
                      public                         16-OCT-23
         4 gaurav                         gaurav3g                       gaurav@123                     student                        dhgfd.com
                      public                         16-OCT-23
         5 rameshwar                      ramu0933                       ramu@123                       student                        dhgfd.com
                      public                         16-OCT-23
         6 krushna                        krushnam3443                   krushna@123                    student                        dkkrs.com
                      public                         16-OCT-23

SQL> insert into posts(id,caption,media,type,user_id) values (post_seq.nextval,'nature','img','jpg',1);

1 row created.

SQL> insert into posts(id,caption,media,type,user_id) values (post_seq.nextval,'sports','img','jpg',1);

1 row created.

SQL> insert into posts(id,caption,media,type,user_id) values (post_seq.nextval,'travelling','video','mp4',2);
insert into posts(id,caption,media,type,user_id) values (post_seq.nextval,'travelling','video','mp4',2)
*
ERROR at line 1:
ORA-02291: integrity constraint (USER493.SYS_C007611) violated - parent key not found


SQL> insert into posts(id,caption,media,type,user_id) values (post_seq.nextval,'travelling','video','mp4',3);

1 row created.

SQL> insert into posts(id,caption,media,type,user_id) values (post_seq.nextval,'food','video','mp4',4);

1 row created.

SQL> insert into posts(id,caption,media,type,user_id) values (post_seq.nextval,'weekend vibes','photo','jpg',4);

1 row created.

SQL> insert into posts(id,caption,media,type,user_id) values (post_seq.nextval,'dogs','photo','jpg',1);

1 row created.

SQL> insert into posts(id,caption,media,type,user_id) values (post_seq.nextval,'farm','photo','jpg',1);

1 row created.

SQL> insert into posts(id,caption,media,type,user_id) values (post_seq.nextval,'party','video','mp4',3);

1 row created.

SQL> insert into posts(id,caption,media,type,user_id) values (post_seq.nextval,'swimming','video','mp4',5);

1 row created.

SQL> insert into posts(id,caption,media,type,user_id) values (post_seq.nextval,'bike speed','video','mp4',6);

1 row created.

SQL> select * from posts;

        ID CAPTION                        MEDIA                          TYPE                              USER_ID CREATED_A
---------- ------------------------------ ------------------------------ ------------------------------ ---------- ---------
         1 nature                         img                            jpg                                     1 16-OCT-23
         2 sports                         img                            jpg                                     1 16-OCT-23
         4 travelling                     video                          mp4                                     3 16-OCT-23
         5 food                           video                          mp4                                     4 16-OCT-23
         6 weekend vibes                  photo                          jpg                                     4 16-OCT-23
         7 dogs                           photo                          jpg                                     1 16-OCT-23
         8 farm                           photo                          jpg                                     1 16-OCT-23
         9 party                          video                          mp4                                     3 16-OCT-23
        10 swimming                       video                          mp4                                     5 16-OCT-23
        11 bike speed                     video                          mp4                                     6 16-OCT-23

10 rows selected.

SQL> select * from users;

        ID NAME                           USERNAME                       PASSWORD                       BIO                            LINK
                      TYPE                           CREATED_A
---------- ------------------------------ ------------------------------ ------------------------------ ------------------------------ ------------------------------ ------------------------------ ---------
         1 soham                          soham888                       soham@123                      student                        shdued.com
                      public                         16-OCT-23
         3 abhishek                       abhi07                         abhi@123                       student                        dhgfd.com
                      public                         16-OCT-23
         4 gaurav                         gaurav3g                       gaurav@123                     student                        dhgfd.com
                      public                         16-OCT-23
         5 rameshwar                      ramu0933                       ramu@123                       student                        dhgfd.com
                      public                         16-OCT-23
         6 krushna                        krushnam3443                   krushna@123                    student                        dkkrs.com
                      public                         16-OCT-23

SQL> setlinesize 400;
SP2-0734: unknown command beginning "setlinesiz..." - rest of line ignored.
SQL> set linesize 400;
SQL> select * from users;

        ID NAME                           USERNAME                       PASSWORD                       BIO                            LINK
                      TYPE                           CREATED_A
---------- ------------------------------ ------------------------------ ------------------------------ ------------------------------ ------------------------------ ------------------------------ ---------
         1 soham                          soham888                       soham@123                      student                        shdued.com
                      public                         16-OCT-23
         3 abhishek                       abhi07                         abhi@123                       student                        dhgfd.com
                      public                         16-OCT-23
         4 gaurav                         gaurav3g                       gaurav@123                     student                        dhgfd.com
                      public                         16-OCT-23
         5 rameshwar                      ramu0933                       ramu@123                       student                        dhgfd.com
                      public                         16-OCT-23
         6 krushna                        krushnam3443                   krushna@123                    student                        dkkrs.com
                      public                         16-OCT-23

SQL> set linesize 350;
SQL> select * from users;

        ID NAME                           USERNAME                       PASSWORD                       BIO                            LINK
                      TYPE                           CREATED_A
---------- ------------------------------ ------------------------------ ------------------------------ ------------------------------ ------------------------------ ------------------------------ ---------
         1 soham                          soham888                       soham@123                      student                        shdued.com
                      public                         16-OCT-23
         3 abhishek                       abhi07                         abhi@123                       student                        dhgfd.com
                      public                         16-OCT-23
         4 gaurav                         gaurav3g                       gaurav@123                     student                        dhgfd.com
                      public                         16-OCT-23
         5 rameshwar                      ramu0933                       ramu@123                       student                        dhgfd.com
                      public                         16-OCT-23
         6 krushna                        krushnam3443                   krushna@123                    student                        dkkrs.com
                      public                         16-OCT-23

SQL> set linesize 140;
SQL> select * from users;

        ID NAME                           USERNAME                       PASSWORD                       BIO
---------- ------------------------------ ------------------------------ ------------------------------ ------------------------------
LINK                           TYPE                           CREATED_A
------------------------------ ------------------------------ ---------
         1 soham                          soham888                       soham@123                      student
shdued.com                     public                         16-OCT-23

         3 abhishek                       abhi07                         abhi@123                       student
dhgfd.com                      public                         16-OCT-23

         4 gaurav                         gaurav3g                       gaurav@123                     student
dhgfd.com                      public                         16-OCT-23


        ID NAME                           USERNAME                       PASSWORD                       BIO
---------- ------------------------------ ------------------------------ ------------------------------ ------------------------------
LINK                           TYPE                           CREATED_A
------------------------------ ------------------------------ ---------
         5 rameshwar                      ramu0933                       ramu@123                       student
dhgfd.com                      public                         16-OCT-23

         6 krushna                        krushnam3443                   krushna@123                    student
dkkrs.com                      public                         16-OCT-23


SQL> set linesize 600;
SQL> select * from users;

        ID NAME                           USERNAME                       PASSWORD                       BIO                            LINK
                      TYPE                           CREATED_A
---------- ------------------------------ ------------------------------ ------------------------------ ------------------------------ ------------------------------ ------------------------------ ---------
         1 soham                          soham888                       soham@123                      student                        shdued.com
                      public                         16-OCT-23
         3 abhishek                       abhi07                         abhi@123                       student                        dhgfd.com
                      public                         16-OCT-23
         4 gaurav                         gaurav3g                       gaurav@123                     student                        dhgfd.com
                      public                         16-OCT-23
         5 rameshwar                      ramu0933                       ramu@123                       student                        dhgfd.com
                      public                         16-OCT-23
         6 krushna                        krushnam3443                   krushna@123                    student                        dkkrs.com
                      public                         16-OCT-23

SQL> set linesize 280;
SQL> select * from users;

        ID NAME                           USERNAME                       PASSWORD                       BIO                            LINK
                      TYPE                           CREATED_A
---------- ------------------------------ ------------------------------ ------------------------------ ------------------------------ ------------------------------ ------------------------------ ---------
         1 soham                          soham888                       soham@123                      student                        shdued.com
                      public                         16-OCT-23
         3 abhishek                       abhi07                         abhi@123                       student                        dhgfd.com
                      public                         16-OCT-23
         4 gaurav                         gaurav3g                       gaurav@123                     student                        dhgfd.com
                      public                         16-OCT-23
         5 rameshwar                      ramu0933                       ramu@123                       student                        dhgfd.com
                      public                         16-OCT-23
         6 krushna                        krushnam3443                   krushna@123                    student                        dkkrs.com
                      public                         16-OCT-23

SQL> select * from posts;

        ID CAPTION                        MEDIA                          TYPE                              USER_ID CREATED_A
---------- ------------------------------ ------------------------------ ------------------------------ ---------- ---------
         1 nature                         img                            jpg                                     1 16-OCT-23
         2 sports                         img                            jpg                                     1 16-OCT-23
         4 travelling                     video                          mp4                                     3 16-OCT-23
         5 food                           video                          mp4                                     4 16-OCT-23
         6 weekend vibes                  photo                          jpg                                     4 16-OCT-23
         7 dogs                           photo                          jpg                                     1 16-OCT-23
         8 farm                           photo                          jpg                                     1 16-OCT-23
         9 party                          video                          mp4                                     3 16-OCT-23
        10 swimming                       video                          mp4                                     5 16-OCT-23
        11 bike speed                     video                          mp4                                     6 16-OCT-23

10 rows selected.

SQL> select * from
  2  users s , posts p
  3  where u.id=p.user_id
  4  and u.username='soham888';
and u.username='soham888'
    *
ERROR at line 4:
ORA-00904: "U"."USERNAME": invalid identifier


SQL> select u.id,u.username,p.id,p.caption,p.media from users u, posts p
  2  where u.id=p.user_id
  3  and u.username='soham888';

        ID USERNAME                               ID CAPTION                        MEDIA
---------- ------------------------------ ---------- ------------------------------ ------------------------------
         1 soham888                                1 nature                         img
         1 soham888                                2 sports                         img
         1 soham888                                7 dogs                           photo
         1 soham888                                8 farm                           photo

SQL> desc comments;
 Name
                   Null?    Type
 ----------------------------------------------------------------------------------------------------------------------------------------------------------------- -------- ------------------------------------------------------------------------------------------------------------
 ID
                   NOT NULL NUMBER(10)
 USER_ID
                            NUMBER(10)
 POST_ID
                            NUMBER(10)
 MESSAGE
                            VARCHAR2(30)
 CREATED_AT
                            DATE

SQL> insert into comments(id,user_id,post_id,message) values (comnt_seq.nextval,5,1,'Nice');

1 row created.

SQL> insert into comments(id,user_id,post_id,message) values (comnt_seq.nextval,1,6,'Good pictures');

1 row created.

SQL> insert into comments(id,user_id,post_id,message) values (comnt_seq.nextval,4,2,'keep it up');

1 row created.

SQL> select c.message from comments c, users u
  2  where c.user_id=u.id
  3  and u.name='rameshwar';

MESSAGE
------------------------------
Nice

SQL> insert into comments(id,user_id,post_id,message) values (comnt_seq.nextval,5,7,'cute dogs');

1 row created.

SQL> insert into comments(id,user_id,post_id,message) values (comnt_seq.nextval,5,4,'happy journey');

1 row created.

SQL> select c.message from comments c, users u
  2  where c.user_id=u.id
  3  and u.name='rameshwar';

MESSAGE
------------------------------
Nice
cute dogs
happy journey

SQL> select c.message from comments c, users u, posts p
  2  where p.user_id=u.id
  3  and u.name='soham';

MESSAGE
------------------------------
Nice
Good pictures
keep it up
cute dogs
happy journey
Nice
Good pictures
keep it up
cute dogs
happy journey
Nice

MESSAGE
------------------------------
Good pictures
keep it up
cute dogs
happy journey
Nice
Good pictures
keep it up
cute dogs
happy journey

20 rows selected.

SQL> select c.message from comments c, users u, posts p
  2  where p.id=c.post_id
  3  and p.user_id=u.id
  4  and u.name='soham';

MESSAGE
------------------------------
Nice
keep it up
cute dogs

SQL> select * from comments;

        ID    USER_ID    POST_ID MESSAGE                        CREATED_A
---------- ---------- ---------- ------------------------------ ---------
         1          5          1 Nice                           16-OCT-23
         2          1          6 Good pictures                  16-OCT-23
         3          4          2 keep it up                     16-OCT-23
         4          5          7 cute dogs                      16-OCT-23
         5          5          4 happy journey                  16-OCT-23

SQL> select * from users u,posts p,comments c
  2  where u.id=c.user_id
  3  and p.id=c.post_id
  4  and u.name='rameshwar';

        ID NAME                           USERNAME                       PASSWORD                       BIO                            LINK
                      TYPE                           CREATED_A         ID CAPTION                        MEDIA
---------- ------------------------------ ------------------------------ ------------------------------ ------------------------------ ------------------------------ ------------------------------ --------- ---------- ------------------------------ ------------------------------
TYPE                              USER_ID CREATED_A         ID    USER_ID    POST_ID MESSAGE                        CREATED_A
------------------------------ ---------- --------- ---------- ---------- ---------- ------------------------------ ---------
         5 rameshwar                      ramu0933                       ramu@123                       student                        dhgfd.com
                      public                         16-OCT-23          1 nature                         img
jpg                                     1 16-OCT-23          1          5          1 Nice                           16-OCT-23

         5 rameshwar                      ramu0933                       ramu@123                       student                        dhgfd.com
                      public                         16-OCT-23          7 dogs                           photo
jpg                                     1 16-OCT-23          4          5          7 cute dogs                      16-OCT-23

         5 rameshwar                      ramu0933                       ramu@123                       student                        dhgfd.com
                      public                         16-OCT-23          4 travelling                     video
mp4                                     3 16-OCT-23          5          5          4 happy journey                  16-OCT-23


SQL> select p.caption from users u,posts p,comments c
  2  where u.id=c.user_id
  3  and p.id=c.post_id
  4  and u.name='rameshwar';

CAPTION
------------------------------
nature
dogs
travelling

SQL> select * from posts where user_id=(select id from users where name='soham');

        ID CAPTION                        MEDIA                          TYPE                              USER_ID CREATED_A
---------- ------------------------------ ------------------------------ ------------------------------ ---------- ---------
         1 nature                         img                            jpg                                     1 16-OCT-23
         2 sports                         img                            jpg                                     1 16-OCT-23
         7 dogs                           photo                          jpg                                     1 16-OCT-23
         8 farm                           photo                          jpg                                     1 16-OCT-23

SQL> select c.message,u.username from users u, posts p, comments c
  2  where c.user_id=u.id
  3  and p.id=c.post_id
  4  and p.user_id=u.id
  5  and u.username='soham888';

no rows selected

SQL> select c.message,u.username from users u, posts p, comments c
  2  where u.id=c.user_id
  3  and p.id=c.post_id
  4  and u.id=p.user_id
  5  and u.username='soham888';

no rows selected

SQL> select c.message,u.username from users u, posts p, comments c
  2  where u.id=c.user_id
  3  and p.id=c.post_id
  4  and u.id=p.user_id
  5  and u.username='abhi07';

no rows selected

SQL> select c.message from users u, posts p, comments c
  2  where c.post_id=p.id
  3  and p.user_id=u.id
  4  and u.username='soham888';

MESSAGE
------------------------------
Nice
keep it up
cute dogs

SQL> select * from comments;

        ID    USER_ID    POST_ID MESSAGE                        CREATED_A
---------- ---------- ---------- ------------------------------ ---------
         1          5          1 Nice                           16-OCT-23
         2          1          6 Good pictures                  16-OCT-23
         3          4          2 keep it up                     16-OCT-23
         4          5          7 cute dogs                      16-OCT-23
         5          5          4 happy journey                  16-OCT-23

SQL> select * from users;

        ID NAME                           USERNAME                       PASSWORD                       BIO                            LINK
                      TYPE                           CREATED_A
---------- ------------------------------ ------------------------------ ------------------------------ ------------------------------ ------------------------------ ------------------------------ ---------
         1 soham                          soham888                       soham@123                      student                        shdued.com
                      public                         16-OCT-23
         3 abhishek                       abhi07                         abhi@123                       student                        dhgfd.com
                      public                         16-OCT-23
         4 gaurav                         gaurav3g                       gaurav@123                     student                        dhgfd.com
                      public                         16-OCT-23
         5 rameshwar                      ramu0933                       ramu@123                       student                        dhgfd.com
                      public                         16-OCT-23
         6 krushna                        krushnam3443                   krushna@123                    student                        dkkrs.com
                      public                         16-OCT-23

SQL> select c.message from users u, posts p, comments c
  2  where c.post_id=p.id
  3  and p.user_id=u.id
  4  and u.name='rameshwar';

no rows selected

SQL> select c.message from users u, posts p, comments c
  2  where c.post_id=p.id
  3  and p.user_id=u.id
  4  and u.nusername='ramu0933';
and u.nusername='ramu0933'
    *
ERROR at line 4:
ORA-00904: "U"."NUSERNAME": invalid identifier


SQL> select c.message from users u, posts p, comments c
  2  where c.post_id=p.id
  3  and p.user_id=u.id
  4  and u.username='ramu0933';

no rows selected

SQL> select c.message,u.username from users u, posts p, comments c
  2  c.user_id=u.id
  3  /
c.user_id=u.id
*
ERROR at line 2:
ORA-00933: SQL command not properly ended


SQL> select c.message,u.username from users u, posts p, comments c
  2  where c.user_id=u.id
  3  and p.user_id=u.id
  4  and u.username='soham888';

MESSAGE                        USERNAME
------------------------------ ------------------------------
Good pictures                  soham888
Good pictures                  soham888
Good pictures                  soham888
Good pictures                  soham888

SQL> select c.message,u.username from users u, posts p, comments c
  2  where c.user_id=u.id
  3  /

MESSAGE                        USERNAME
------------------------------ ------------------------------
Nice                           ramu0933
Good pictures                  soham888
keep it up                     gaurav3g
cute dogs                      ramu0933
happy journey                  ramu0933
Nice                           ramu0933
Good pictures                  soham888
keep it up                     gaurav3g
cute dogs                      ramu0933
happy journey                  ramu0933
Nice                           ramu0933

MESSAGE                        USERNAME
------------------------------ ------------------------------
Good pictures                  soham888
keep it up                     gaurav3g
cute dogs                      ramu0933
happy journey                  ramu0933
Nice                           ramu0933
Good pictures                  soham888
keep it up                     gaurav3g
cute dogs                      ramu0933
happy journey                  ramu0933
Nice                           ramu0933
Good pictures                  soham888

MESSAGE                        USERNAME
------------------------------ ------------------------------
keep it up                     gaurav3g
cute dogs                      ramu0933
happy journey                  ramu0933
Nice                           ramu0933
Good pictures                  soham888
keep it up                     gaurav3g
cute dogs                      ramu0933
happy journey                  ramu0933
Nice                           ramu0933
Good pictures                  soham888
keep it up                     gaurav3g

MESSAGE                        USERNAME
------------------------------ ------------------------------
cute dogs                      ramu0933
happy journey                  ramu0933
Nice                           ramu0933
Good pictures                  soham888
keep it up                     gaurav3g
cute dogs                      ramu0933
happy journey                  ramu0933
Nice                           ramu0933
Good pictures                  soham888
keep it up                     gaurav3g
cute dogs                      ramu0933

MESSAGE                        USERNAME
------------------------------ ------------------------------
happy journey                  ramu0933
Nice                           ramu0933
Good pictures                  soham888
keep it up                     gaurav3g
cute dogs                      ramu0933
happy journey                  ramu0933

50 rows selected.

SQL> select c.message,c.user_id from users u, posts p, comments c
  2  where c.user_id=u.id
  3  and p.user_id=u.id
  4  and u.username='ramu0933';

MESSAGE                           USER_ID
------------------------------ ----------
Nice                                    5
cute dogs                               5
happy journey                           5

SQL> select c.message,c.user_id from users u, posts p, comments c
  2  where c.user_id=u.id
  3  and p.user_id=u.id;

MESSAGE                           USER_ID
------------------------------ ----------
Nice                                    5
Good pictures                           1
Good pictures                           1
Good pictures                           1
Good pictures                           1
keep it up                              4
keep it up                              4
cute dogs                               5
happy journey                           5

9 rows selected.

SQL> select c.message,u.username where id=c.user_id from users u, posts p, comments c
  2  where c.user_id=/
  3
SQL> select c.message,u.name from emp
  2  select c.message,u.name from emp
  3
SQL> select c.message,u.name from users u join comments
  2  join
  3
SQL> select c.message,u.name from users u join comments c
  2  on c.user_id=u.id join posts p on p.user_id=u.id
  3  where u.name='rameshwar';

MESSAGE                        NAME
------------------------------ ------------------------------
Nice                           rameshwar
cute dogs                      rameshwar
happy journey                  rameshwar

SQL> select c.message,u.name from users u join comments c
  2  on c.user_id=u.id join posts p on p.user_id=u.id
  3  where u.name='soham';

MESSAGE                        NAME
------------------------------ ------------------------------
Good pictures                  soham
Good pictures                  soham
Good pictures                  soham
Good pictures                  soham

SQL> select * from users;

        ID NAME                           USERNAME                       PASSWORD                       BIO                            LINK
                      TYPE                           CREATED_A
---------- ------------------------------ ------------------------------ ------------------------------ ------------------------------ ------------------------------ ------------------------------ ---------
         1 soham                          soham888                       soham@123                      student                        shdued.com
                      public                         16-OCT-23
         3 abhishek                       abhi07                         abhi@123                       student                        dhgfd.com
                      public                         16-OCT-23
         4 gaurav                         gaurav3g                       gaurav@123                     student                        dhgfd.com
                      public                         16-OCT-23
         5 rameshwar                      ramu0933                       ramu@123                       student                        dhgfd.com
                      public                         16-OCT-23
         6 krushna                        krushnam3443                   krushna@123                    student                        dkkrs.com
                      public                         16-OCT-23

SQL> select * from posts;

        ID CAPTION                        MEDIA                          TYPE                              USER_ID CREATED_A
---------- ------------------------------ ------------------------------ ------------------------------ ---------- ---------
         1 nature                         img                            jpg                                     1 16-OCT-23
         2 sports                         img                            jpg                                     1 16-OCT-23
         4 travelling                     video                          mp4                                     3 16-OCT-23
         5 food                           video                          mp4                                     4 16-OCT-23
         6 weekend vibes                  photo                          jpg                                     4 16-OCT-23
         7 dogs                           photo                          jpg                                     1 16-OCT-23
         8 farm                           photo                          jpg                                     1 16-OCT-23
         9 party                          video                          mp4                                     3 16-OCT-23
        10 swimming                       video                          mp4                                     5 16-OCT-23
        11 bike speed                     video                          mp4                                     6 16-OCT-23

10 rows selected.

SQL> select * from commentsl
  2  select * from comments;
select * from comments
*
ERROR at line 2:
ORA-00933: SQL command not properly ended


SQL> select * from comments;

        ID    USER_ID    POST_ID MESSAGE                        CREATED_A
---------- ---------- ---------- ------------------------------ ---------
         1          5          1 Nice                           16-OCT-23
         2          1          6 Good pictures                  16-OCT-23
         3          4          2 keep it up                     16-OCT-23
         4          5          7 cute dogs                      16-OCT-23
         5          5          4 happy journey                  16-OCT-23

SQL> select c.message , u.name from
  2  users u join comments c on /
  3  /
users u join comments c on /
                           *
ERROR at line 2:
ORA-00936: missing expression


SQL> select c.message,u.name
  2  from users u join posts p on u.id=p.user_id
  3  join comments c on c.post_id=p.id;

MESSAGE                        NAME
------------------------------ ------------------------------
Nice                           soham
Good pictures                  gaurav
keep it up                     soham
cute dogs                      soham
happy journey                  abhishek

SQL> select c.message,u.name
  2  from users u join posts p on u.id=p.user_id
  3  join comments c on c.post_id=p.id where u.name='soham';

MESSAGE                        NAME
------------------------------ ------------------------------
Nice                           soham
keep it up                     soham
cute dogs                      soham

SQL> select c.message,u.name
  2  from users u join posts p on u.id=p.user_id
  3  join comments c on c.post_id=p.id where (select u.name from users where p.id=c.post_id);
join comments c on c.post_id=p.id where (select u.name from users where p.id=c.post_id)
                                                                                      *
ERROR at line 3:
ORA-00936: missing expression


SQL> select c.message,u.name
  2  from users u join posts p on u.id=p.user_id
  3  join comments c on c.post_id=p.id where (select u.name from users where p.id=c.post_id);
join comments c on c.post_id=p.id where (select u.name from users where p.id=c.post_id)
                                                                                      *
ERROR at line 3:
ORA-00936: missing expression


SQL>
SQL> select c.message,u.name
  2  from users u join comments on u.id=c.user_id
  3  where p.id=(selct c.post_id from comments join posts p on c.post_id=p.id where p.id=c.post_id);
where p.id=(selct c.post_id from comments join posts p on c.post_id=p.id where p.id=c.post_id)
                  *
ERROR at line 3:
ORA-00907: missing right parenthesis


SQL> select c.message,u.name
  2  from users u join comments on u.id=c.user_id
  3  where p.id=(select c.post_id from comments join posts p on c.post_id=p.id where p.id=c.post_id);
from users u join comments on u.id=c.user_id
                                   *
ERROR at line 2:
ORA-00904: "C"."USER_ID": invalid identifier


SQL> select c.message,u.name
  2  from users u, posts p, comments c
  3  where c.post_id=p.id
  4  and c.user_id=u.id
  5  and u.username('soham888');
and u.username('soham888')
                         *
ERROR at line 5:
ORA-00920: invalid relational operator


SQL> select c.message,u.name
  2  from users u, posts p, comments c
  3  where c.post_id=p.id
  4  and c.user_id=u.id
  5  and u.username=('soham888');

MESSAGE                        NAME
------------------------------ ------------------------------
Good pictures                  soham

SQL> select c.message,u.name
  2  from users u, posts p, comments c
  3  where c.post_id=p.id
  4  and c.user_id=u.id
  5  and u.username=('soham888');

MESSAGE                        NAME
------------------------------ ------------------------------
Good pictures                  soham

SQL> select c.message,u.name
  2  where c.post_id=p.id/
  3  /
where c.post_id=p.id/
*
ERROR at line 2:
ORA-00923: FROM keyword not found where expected


SQL> select u.name=c.user_id,p.id from users u, posts p, comments c
  2  where c.user_id=u.id
  3  and c.post_id=p.id
  4  and p.created_at='16-Oct-2023';
select u.name=c.user_id,p.id from users u, posts p, comments c
             *
ERROR at line 1:
ORA-00923: FROM keyword not found where expected


SQL> select u.name,p.id from users u, posts p, comments c
  2  where c.user_id=u.id
  3  and c.post_id=p.id
  4  and c.post_id=p.id
  5  and p.created_at='16-Oct-2023';

no rows selected

SQL> select u.name,p.id from users u, posts p, comments c
  2  where c.user_id=u.id
  3  and c.post_id=p.id
  4  and p.created_at='16-Oct-2023';

no rows selected

SQL> select username from users where created_at='16-Oct-2023';

no rows selected

SQL> select * from users;

        ID NAME                           USERNAME                       PASSWORD                       BIO                            LINK
                      TYPE                           CREATED_A
---------- ------------------------------ ------------------------------ ------------------------------ ------------------------------ ------------------------------ ------------------------------ ---------
         1 soham                          soham888                       soham@123                      student                        shdued.com
                      public                         16-OCT-23
         3 abhishek                       abhi07                         abhi@123                       student                        dhgfd.com
                      public                         16-OCT-23
         4 gaurav                         gaurav3g                       gaurav@123                     student                        dhgfd.com
                      public                         16-OCT-23
         5 rameshwar                      ramu0933                       ramu@123                       student                        dhgfd.com
                      public                         16-OCT-23
         6 krushna                        krushnam3443                   krushna@123                    student                        dkkrs.com
                      public                         16-OCT-23

SQL> select username from users where created_at='16-Oct-23';

no rows selected

SQL> select username from users where created_at='16-OCT-23';

no rows selected

SQL> select u.username from users u
  2  where trunc(u.created_at)='16-Oct-2023';

USERNAME
------------------------------
soham888
abhi07
gaurav3g
ramu0933
krushnam3443

SQL> select p.caption from posts p, users u
  2  where p.user_id=u.id
  3  and u.username='soham888';

CAPTION
------------------------------
nature
sports
dogs
farm

SQL> select * from posts p,users u, comments c
  2  where c.user_id=p.user_id
  3  and u.id=p.user_id;

        ID CAPTION                        MEDIA                          TYPE                              USER_ID CREATED_A         ID NAME
                       USERNAME                       PASSWORD                       BIO
---------- ------------------------------ ------------------------------ ------------------------------ ---------- --------- ---------- ------------------------------ ------------------------------ ------------------------------ ------------------------------
LINK                           TYPE                           CREATED_A         ID    USER_ID    POST_ID MESSAGE                        CREATED_A
------------------------------ ------------------------------ --------- ---------- ---------- ---------- ------------------------------ ---------
        10 swimming                       video                          mp4                                     5 16-OCT-23          5 rameshwar
                       ramu0933                       ramu@123                       student
dhgfd.com                      public                         16-OCT-23          1          5          1 Nice                           16-OCT-23

         1 nature                         img                            jpg                                     1 16-OCT-23          1 soham
                       soham888                       soham@123                      student
shdued.com                     public                         16-OCT-23          2          1          6 Good pictures                  16-OCT-23

         2 sports                         img                            jpg                                     1 16-OCT-23          1 soham
                       soham888                       soham@123                      student
shdued.com                     public                         16-OCT-23          2          1          6 Good pictures                  16-OCT-23


        ID CAPTION                        MEDIA                          TYPE                              USER_ID CREATED_A         ID NAME
                       USERNAME                       PASSWORD                       BIO
---------- ------------------------------ ------------------------------ ------------------------------ ---------- --------- ---------- ------------------------------ ------------------------------ ------------------------------ ------------------------------
LINK                           TYPE                           CREATED_A         ID    USER_ID    POST_ID MESSAGE                        CREATED_A
------------------------------ ------------------------------ --------- ---------- ---------- ---------- ------------------------------ ---------
         7 dogs                           photo                          jpg                                     1 16-OCT-23          1 soham
                       soham888                       soham@123                      student
shdued.com                     public                         16-OCT-23          2          1          6 Good pictures                  16-OCT-23

         8 farm                           photo                          jpg                                     1 16-OCT-23          1 soham
                       soham888                       soham@123                      student
shdued.com                     public                         16-OCT-23          2          1          6 Good pictures                  16-OCT-23

         5 food                           video                          mp4                                     4 16-OCT-23          4 gaurav
                       gaurav3g                       gaurav@123                     student
dhgfd.com                      public                         16-OCT-23          3          4          2 keep it up                     16-OCT-23


        ID CAPTION                        MEDIA                          TYPE                              USER_ID CREATED_A         ID NAME
                       USERNAME                       PASSWORD                       BIO
---------- ------------------------------ ------------------------------ ------------------------------ ---------- --------- ---------- ------------------------------ ------------------------------ ------------------------------ ------------------------------
LINK                           TYPE                           CREATED_A         ID    USER_ID    POST_ID MESSAGE                        CREATED_A
------------------------------ ------------------------------ --------- ---------- ---------- ---------- ------------------------------ ---------
         6 weekend vibes                  photo                          jpg                                     4 16-OCT-23          4 gaurav
                       gaurav3g                       gaurav@123                     student
dhgfd.com                      public                         16-OCT-23          3          4          2 keep it up                     16-OCT-23

        10 swimming                       video                          mp4                                     5 16-OCT-23          5 rameshwar
                       ramu0933                       ramu@123                       student
dhgfd.com                      public                         16-OCT-23          4          5          7 cute dogs                      16-OCT-23

        10 swimming                       video                          mp4                                     5 16-OCT-23          5 rameshwar
                       ramu0933                       ramu@123                       student
dhgfd.com                      public                         16-OCT-23          5          5          4 happy journey                  16-OCT-23


9 rows selected.

SQL> select p.caption,p.id from posts p,users u, comments c
  2  where c.user_id=p.user_id
  3  and u.id=p.user_id;

CAPTION                                ID
------------------------------ ----------
swimming                               10
nature                                  1
sports                                  2
dogs                                    7
farm                                    8
food                                    5
weekend vibes                           6
swimming                               10
swimming                               10

9 rows selected.

SQL>
SQL> select p.caption,c.message,p.user_id,c.user_id from
  2  users u, posts p,comments c
  3  where u.id=p.user_id
  4  and p.id=c.pid
  5  and p.user_id=c.user_id
  6  and u.name='soham';
and p.id=c.pid
         *
ERROR at line 4:
ORA-00904: "C"."PID": invalid identifier


SQL> select p.caption,c.message,p.user_id,c.user_id from
  2  users u, posts p,comments c
  3  where u.id=p.user_id
  4  and p.id=c.post_id
  5  and p.user_id=c.user_id
  6  and u.name='soham';

no rows selected

SQL> insert into comments(id,user_id,post_id,message) values (comnt_seq.nextval,1,1,'great pictures');

1 row created.

SQL> select * from comments;

        ID    USER_ID    POST_ID MESSAGE                        CREATED_A
---------- ---------- ---------- ------------------------------ ---------
         1          5          1 Nice                           16-OCT-23
         2          1          6 Good pictures                  16-OCT-23
         3          4          2 keep it up                     16-OCT-23
         4          5          7 cute dogs                      16-OCT-23
         5          5          4 happy journey                  16-OCT-23
         6          1          1 great pictures                 17-OCT-23

6 rows selected.

SQL> select p.caption,c.message,p.user_id,c.user_id from
  2  users u, posts p,comments c
  3  where u.id=p.user_id
  4  and p.id=c.post_id
  5  and p.user_id=c.user_id
  6  and u.name='soham';

CAPTION                        MESSAGE                           USER_ID    USER_ID
------------------------------ ------------------------------ ---------- ----------
nature                         great pictures                          1          1

SQL> select p.caption from posts p, users u
  2  where p.user_id=u.id
  3  and u.name='soham';

CAPTION
------------------------------
nature
sports
dogs
farm

SQL> select * from posts;

        ID CAPTION                        MEDIA                          TYPE                              USER_ID CREATED_A
---------- ------------------------------ ------------------------------ ------------------------------ ---------- ---------
         1 nature                         img                            jpg                                     1 16-OCT-23
         2 sports                         img                            jpg                                     1 16-OCT-23
         4 travelling                     video                          mp4                                     3 16-OCT-23
         5 food                           video                          mp4                                     4 16-OCT-23
         6 weekend vibes                  photo                          jpg                                     4 16-OCT-23
         7 dogs                           photo                          jpg                                     1 16-OCT-23
         8 farm                           photo                          jpg                                     1 16-OCT-23
         9 party                          video                          mp4                                     3 16-OCT-23
        10 swimming                       video                          mp4                                     5 16-OCT-23
        11 bike speed                     video                          mp4                                     6 16-OCT-23

10 rows selected.

SQL> select u.username from users u
  2  where trunc(u.created_at)='16-Oct-2023';

USERNAME
------------------------------
soham888
abhi07
gaurav3g
ramu0933
krushnam3443

SQL> select u.name,p.id from users u, posts p, comments c
  2  where c.user_id=u.id
  3  and c.post_id=p.id
  4  and trunc(p.created_at)='16-Oct-2023';

NAME                                   ID
------------------------------ ----------
rameshwar                               1
soham                                   6
gaurav                                  2
rameshwar                               7
rameshwar                               4
soham                                   1

6 rows selected.

SQL> declare
  2
  3  num1 number(2) := &num1;
  4  num2 number(2) :=&num2;
  5  name varchar2(20) :='&name';
  6  result number(2);
  7
  8  begin
  9
 10  result := num1 + num2;
 11
 12  dbms_output.put_line('the name is'||name);
 13  dbms_output.put_line('the result is'||result);
 14
 15  end;
 16  /
Enter value for num1: 10
old   3: num1 number(2) := &num1;
new   3: num1 number(2) := 10;
Enter value for num2: 20
old   4: num2 number(2) :=&num2;
new   4: num2 number(2) :=20;
Enter value for name: soham
old   5: name varchar2(20) :='&name';
new   5: name varchar2(20) :='soham';

PL/SQL procedure successfully completed.

SQL>
SQL> declare
  2
  3  num1 number(2) := &num1;
  4  num2 number(2) :=&num2;
  5  name varchar2(20) :='&name';
  6  result number(2);
  7
  8  begin
  9
 10  result := num1 + num2;
 11
 12  dbms_output.put_line('the name is'||name);
 13  dbms_output.put_line('the result is'||result);
 14
 15  end;
 16  /
Enter value for num1: 10
old   3: num1 number(2) := &num1;
new   3: num1 number(2) := 10;
Enter value for num2: 20
old   4: num2 number(2) :=&num2;
new   4: num2 number(2) :=20;
Enter value for name: soham
old   5: name varchar2(20) :='&name';
new   5: name varchar2(20) :='soham';

PL/SQL procedure successfully completed.

SQL> set serveroutput on;
SQL> declare
  2
  3  num1 number(2) := &num1;
  4  num2 number(2) :=&num2;
  5  name varchar2(20) :='&name';
  6  result number(2);
  7
  8  begin
  9
 10  result := num1 + num2;
 11
 12  dbms_output.put_line('the name is'||name);
 13  dbms_output.put_line('the result is'||result);
 14
 15  end;
 16  /
Enter value for num1: 10
old   3: num1 number(2) := &num1;
new   3: num1 number(2) := 10;
Enter value for num2: 20
old   4: num2 number(2) :=&num2;
new   4: num2 number(2) :=20;
Enter value for name: soham
old   5: name varchar2(20) :='&name';
new   5: name varchar2(20) :='soham';
the name issoham
the result is30

PL/SQL procedure successfully completed.

SQL> declare
  2
  3  num1 number(2) := &num1;
  4  num2 number(2) :=&num2;
  5  name varchar2(20) :='&name';
  6  add number(2);
  7  sub number(2);
  8  mul number(2);
  9  div number(2);
 10  mod number(2);
 11
 12  begin
 13
 14  add := num1 + num2;
 15
 16  sub := num1 - num2;
 17
 18  mul := num1 * num2;
 19
 20  div := num1 / num2;
 21
 22
 23  dbms_output.put_line('Addition is'||add);
 24  dbms_output.put_line('Subtraction is'||round(sub));
 25  dbms_output.put_line('Multiplication is'||mul);
 26  dbms_output.put_line('Division is'||div);
 27
 28  end;
 29  /
Enter value for num1: 10
old   3: num1 number(2) := &num1;
new   3: num1 number(2) := 10;
Enter value for num2: 20
old   4: num2 number(2) :=&num2;
new   4: num2 number(2) :=20;
Enter value for name: soham
old   5: name varchar2(20) :='&name';
new   5: name varchar2(20) :='soham';
declare
*
ERROR at line 1:
ORA-06502: PL/SQL: numeric or value error: number precision too large
ORA-06512: at line 18


SQL>
SQL> declare
  2
  3  num1 number(2) := &num1;
  4  num2 number(2) :=&num2;
  5  add number(2);
  6  sub number(2);
  7  mul number(2);
  8  div number(2);
  9  mod number(2);
 10
 11  begin
 12
 13  add := num1 + num2;
 14
 15  sub := num1 - num2;
 16
 17  mul := num1 * num2;
 18
 19  div := num1 / num2;
 20
 21
 22  dbms_output.put_line('Addition is'||add);
 23  dbms_output.put_line('Subtraction is'||round(sub));
 24  dbms_output.put_line('Multiplication is'||mul);
 25  dbms_output.put_line('Division is'||div);
 26
 27  end;
 28  /
Enter value for num1: 10
old   3: num1 number(2) := &num1;
new   3: num1 number(2) := 10;
Enter value for num2: 20
old   4: num2 number(2) :=&num2;
new   4: num2 number(2) :=20;
declare
*
ERROR at line 1:
ORA-06502: PL/SQL: numeric or value error: number precision too large
ORA-06512: at line 17


SQL>
SQL> declare
  2
  3  num1 number(2) := &num1;
  4  num2 number(2) :=&num2;
  5  add number(10);
  6  sub number(10);
  7  mul number(10);
  8  div number(10);
  9
 10  begin
 11
 12  add := num1 + num2;
 13
 14  sub := num1 - num2;
 15
 16  mul := num1 * num2;
 17
 18  div := num1 / num2;
 19
 20
 21  dbms_output.put_line('Addition is'||add);
 22  dbms_output.put_line('Subtraction is'||round(sub));
 23  dbms_output.put_line('Multiplication is'||mul);
 24  dbms_output.put_line('Division is'||div);
 25
 26  end;
 27  /
Enter value for num1: 10
old   3: num1 number(2) := &num1;
new   3: num1 number(2) := 10;
Enter value for num2: 20
old   4: num2 number(2) :=&num2;
new   4: num2 number(2) :=20;
Addition is30
Subtraction is-10
Multiplication is200
Division is1

PL/SQL procedure successfully completed.

SQL>
SQL> declare
  2
  3  num1 number(2) := &num1;
  4  num2 number(2) :=&num2;
  5  add number(10);
  6  sub number(10);
  7  mul number(10);
  8  div number(10);
  9
 10  begin
 11
 12  add := num1 + num2;
 13
 14  sub := num1 - num2;
 15
 16  mul := num1 * num2;
 17
 18  div := num1 / num2;
 19
 20
 21  dbms_output.put_line('Addition is : '||add);
 22  dbms_output.put_line('Subtraction is : '||round(sub));
 23  dbms_output.put_line('Multiplication is : '||mul);
 24  dbms_output.put_line('Division is : '||div);
 25
 26  end;
 27  /
Enter value for num1: 10
old   3: num1 number(2) := &num1;
new   3: num1 number(2) := 10;
Enter value for num2: 20
old   4: num2 number(2) :=&num2;
new   4: num2 number(2) :=20;
Addition is : 30
Subtraction is : -10
Multiplication is : 200
Division is : 1

PL/SQL procedure successfully completed.

SQL> select * from employees;

        ID NAME                           CITY                           EMAIL                              SALARY        DID CREATED_A
---------- ------------------------------ ------------------------------ ------------------------------ ---------- ---------- ---------
         1 soham                          Pune                           soham@gmail.com                     35000          2 16-OCT-23
         2 abhi                           Pune                           abhi@gmail.com                      35000          2 16-OCT-23
         3 ramu                           Mumbai                         ramu@gmail.com                      45000          1 16-OCT-23
         4 nikhil                         Mumbai                         nikhil@gmail.com                    55000          4 16-OCT-23
         7 gaurav                         delhi                          gaurav@gmail.com                    60000          5 16-OCT-23
         8 krushna                        banglore                       krushna@gmail.com                   50000            16-OCT-23

6 rows selected.

SQL> declare
  2  vname employees.name%type;
  3  vcity employyees.city%type;
  4  vemail employyees.email%type;
  5  vannual_sal employyees.salary%type;
  6
  7  begin
  8
  9  select name , city,email,salary into vname,vcity,vemail,vannual_sal from employees where id =2 ;
 10
 11  vannual_sal := vannual_sal*12;
 12
 13  dbms_output.put_line('The name is : '||vname);
 14  dbms_output.put_line('The city is : '||vcity);
 15  dbms_output.put_line('The email is : '||vemail);
 16  dbms_output.put_line('The salary is : '||vannual_sal);
 17
 18  end;
 19  /
vcity employyees.city%type;
      *
ERROR at line 3:
ORA-06550: line 3, column 7:
PLS-00201: identifier 'EMPLOYYEES.CITY' must be declared
ORA-06550: line 3, column 7:
PL/SQL: Item ignored
ORA-06550: line 4, column 8:
PLS-00201: identifier 'EMPLOYYEES.EMAIL' must be declared
ORA-06550: line 4, column 8:
PL/SQL: Item ignored
ORA-06550: line 5, column 13:
PLS-00201: identifier 'EMPLOYYEES.SALARY' must be declared
ORA-06550: line 5, column 13:
PL/SQL: Item ignored
ORA-06550: line 9, column 44:
PLS-00320: the declaration of the type of this expression is incomplete or malformed
ORA-06550: line 9, column 69:
PL/SQL: ORA-00904: : invalid identifier
ORA-06550: line 9, column 1:
PL/SQL: SQL Statement ignored
ORA-06550: line 11, column 1:
PLS-00320: the declaration of the type of this expression is incomplete or malformed
ORA-06550: line 11, column 1:
PL/SQL: Statement ignored
ORA-06550: line 14, column 40:
PLS-00320: the declaration of the type of this expression is incomplete or malformed
ORA-06550: line 14, column 1:
PL/SQL: Statement ignored
ORA-06550: line 15, column 41:
PLS-00320: the declaration of the type of this expression is incomplete or malformed
ORA-06550: line 15, column 1:
PL/SQL: Statement ignored
ORA-06550: line 16, column 42:
PLS-00320: the declaration of the type of this expression is incomplete or malformed
ORA-06550: line 16, column 1:
PL/SQL: Statement ignored


SQL> declare
  2  vname employees.name%type;
  3  vcity employees.city%type;
  4  vemail employees.email%type;
  5  vannual_sal employees.salary%type;
  6
  7  begin
  8
  9  select name , city,email,salary into vname,vcity,vemail,vannual_sal from employees where id =2 ;
 10
 11  vannual_sal := vannual_sal*12;
 12
 13  dbms_output.put_line('The name is : '||vname);
 14  dbms_output.put_line('The city is : '||vcity);
 15  dbms_output.put_line('The email is : '||vemail);
 16  dbms_output.put_line('The salary is : '||vannual_sal);
 17
 18  end;
 19  /
The name is : abhi
The city is : Pune
The email is : abhi@gmail.com
The salary is : 420000

PL/SQL procedure successfully completed.

SQL> select * from employees;

        ID NAME                           CITY                           EMAIL                              SALARY        DID CREATED_A
---------- ------------------------------ ------------------------------ ------------------------------ ---------- ---------- ---------
         1 soham                          Pune                           soham@gmail.com                     35000          2 16-OCT-23
         2 abhi                           Pune                           abhi@gmail.com                      35000          2 16-OCT-23
         3 ramu                           Mumbai                         ramu@gmail.com                      45000          1 16-OCT-23
         4 nikhil                         Mumbai                         nikhil@gmail.com                    55000          4 16-OCT-23
         7 gaurav                         delhi                          gaurav@gmail.com                    60000          5 16-OCT-23
         8 krushna                        banglore                       krushna@gmail.com                   50000            16-OCT-23

6 rows selected.

SQL> declare
  2  num number(2):=&num;
  3
  4  begin
  5
  6  if(num>20) then
  7  dbms_output,put_line('Num is greater than 20');
  8
  9  end if;
 10
 11  end;
 12
 13  /
Enter value for num: 22
old   2: num number(2):=&num;
new   2: num number(2):=22;
dbms_output,put_line('Num is greater than 20');
           *
ERROR at line 7:
ORA-06550: line 7, column 12:
PLS-00103: Encountered the symbol "," when expecting one of the following:
:= . ( @ % ;
ORA-06550: line 7, column 47:
PLS-00103: Encountered the symbol ";" when expecting one of the following:
. ( ) , * % & = - + < / > at in is mod remainder not rem =>
<an exponent (**)> <> or != or ~= >= <= <> and or like like2
like4 likec between || multiset member submultiset


SQL> declare
  2  num number(2):=&num;
  3
  4  begin
  5
  6  if(num>20) then
  7  dbms_output,put_line('Num is greater than 20');
  8
  9  end if;
 10
 11  end;
 12
 13  /
Enter value for num: ssh
old   2: num number(2):=&num;
new   2: num number(2):=ssh;
dbms_output,put_line('Num is greater than 20');
           *
ERROR at line 7:
ORA-06550: line 7, column 12:
PLS-00103: Encountered the symbol "," when expecting one of the following:
:= . ( @ % ;
ORA-06550: line 7, column 47:
PLS-00103: Encountered the symbol ";" when expecting one of the following:
. ( ) , * % & = - + < / > at in is mod remainder not rem =>
<an exponent (**)> <> or != or ~= >= <= <> and or like like2
like4 likec between || multiset member submultiset


SQL> declare
  2  num number(2):=&num;
  3
  4  begin
  5
  6  if(num>20) then
  7  dbms_output.put_line('Num is greater than 20');
  8
  9  end if;
 10
 11  end;
 12
 13  /
Enter value for num: 22
old   2: num number(2):=&num;
new   2: num number(2):=22;
Num is greater than 20

PL/SQL procedure successfully completed.

SQL> declare
  2
  3  percentage number(10) :=&percentage;
  4
  5  begin
  6
  7  if(percentage>=85) then
  8  dbms_output.put_line('O grade');
  9  elseif(percentage>=70) then
 10  dbms_output.put_line('A grade');
 11  elseif(percentage>=55) then
 12  dbms_output.put_line('B grade');
 13  elseif(percentage>=40) then
 14  dbms_output.put_line('C grade');
 15  else
 16  dbms_output.put_line('Fail');
 17
 18  endif;
 19
 20  end;
 21
 22  /
Enter value for percentage: 88
old   3: percentage number(10) :=&percentage;
new   3: percentage number(10) :=88;
elseif(percentage>=70) then
                       *
ERROR at line 9:
ORA-06550: line 9, column 24:
PLS-00103: Encountered the symbol "THEN" when expecting one of the following:
:= . ( % ;
ORA-06550: line 11, column 24:
PLS-00103: Encountered the symbol "THEN" when expecting one of the following:
:= . ( % ;
ORA-06550: line 13, column 24:
PLS-00103: Encountered the symbol "THEN" when expecting one of the following:
:= . ( % ;
ORA-06550: line 15, column 1:
PLS-00103: Encountered the symbol "ELSE" when expecting one of the following:
( begin case declare end exit for goto if loop mod null
pragma raise return select update when while with
<an identifier> <a double-quoted delimited-identifier>
<a bind variable> << continue close current delete fetch lock
insert open rollback savepoint set sql execute commit forall
merge pipe purge json_exists json_value json_query
json_object json_array
ORA-06550: line 20, column 4:
PLS-00103: Encountered the symbol ";" when expecting one of the following:
if
The symbol "if" was substituted for ";" to continue.


SQL> declare
  2
  3  percentage number(10) :=&percentage;
  4
  5  begin
  6
  7  if(percentage>=85) then
  8  dbms_output.put_line('O grade');
  9  elsif(percentage>=70) then
 10  dbms_output.put_line('A grade');
 11  elsif(percentage>=55) then
 12  dbms_output.put_line('B grade');
 13  elsif(percentage>=40) then
 14  dbms_output.put_line('C grade');
 15  else
 16  dbms_output.put_line('Fail');
 17
 18  endif;
 19
 20  end;
 21
 22  /
Enter value for percentage: 88
old   3: percentage number(10) :=&percentage;
new   3: percentage number(10) :=88;
end;
   *
ERROR at line 20:
ORA-06550: line 20, column 4:
PLS-00103: Encountered the symbol ";" when expecting one of the following:
if


SQL> declare
  2
  3  percentage number(10) :=&percentage;
  4
  5  begin
  6
  7  if(percentage>=85) then
  8  dbms_output.put_line('O grade');
  9  elsif(percentage>=70) then
 10  dbms_output.put_line('A grade');
 11  elsif(percentage>=55) then
 12  dbms_output.put_line('B grade');
 13  elsif(percentage>=40) then
 14  dbms_output.put_line('C grade');
 15  else
 16  dbms_output.put_line('Fail');
 17
 18  end if;
 19
 20  end;
 21
 22  /
Enter value for percentage: 88
old   3: percentage number(10) :=&percentage;
new   3: percentage number(10) :=88;
O grade

PL/SQL procedure successfully completed.

SQL> declare
  2
  3  salary number(30):=&salary;
  4  tax number(30):=0;
  5
  6  begin
  7
  8
  9   if( salary>100000) then
 10  tax:=(salary*25)/100;
 11  dbms_output.put_line('You have to pay tax in rs :'||tax);
 12  end if;
 13  end;
 14  /
Enter value for salary: 100000
old   3: salary number(30):=&salary;
new   3: salary number(30):=100000;

PL/SQL procedure successfully completed.

SQL>    declare
  2
  3  salary number(30):=&salary;
  4  tax number(30):=0;
  5
  6  begin
  7
  8
  9   if( salary>100000) then
 10  tax:=(salary*25)/100;
 11  dbms_output.put_line('You have to pay tax in rs :'||tax);
 12  end if;
 13  end;
 14  /
Enter value for salary: 122000
old   3: salary number(30):=&salary;
new   3: salary number(30):=122000;
You have to pay tax in rs :30500

PL/SQL procedure successfully completed.

SQL>
SQL> declare
  2
  3  salary number(30):=&salary;
  4  tax number(30):=0;
  5
  6  begin
  7
  8
  9  if( salary>100000) then
 10  tax:=(salary*25)/100;
 11  dbms_output.put_line('You have to pay tax in rs :'||tax);
 12  elsif(salary>60000) then
 13  tax:=(salary*15)/100;
 14  dbms_output.put_line('You have to pay tax in rs :'||tax);
 15  elsif(salary>40000) then
 16  tax:=(salary*8)/100;
 17  dbms_output.put_line('You have to pay tax in rs :'||tax);
 18  else
 19  dbms_output.put_line('You don't have to pay tax.');
 20  end if;
 21  end;
 22  /
Enter value for salary: 88000
old   3: salary number(30):=&salary;
new   3: salary number(30):=88000;
ERROR:
ORA-01756: quoted string not properly terminated


SQL>
SQL> declare
  2
  3  salary number(30):=&salary;
  4  tax number(30):=0;
  5
  6  begin
  7
  8
  9  if( salary>100000) then
 10  tax:=(salary*25)/100;
 11  dbms_output.put_line('You have to pay tax in rs :'||tax);
 12  elsif(salary>60000) then
 13  tax:=(salary*15)/100;
 14  dbms_output.put_line('You have to pay tax in rs :'||tax);
 15  elsif(salary>40000) then
 16  tax:=(salary*8)/100;
 17  dbms_output.put_line('You have to pay tax in rs :'||tax);
 18  else
 19  dbms_output.put_line('You donot have to pay tax');
 20  end if;
 21  end;
 22  /
Enter value for salary: 88000
old   3: salary number(30):=&salary;
new   3: salary number(30):=88000;
You have to pay tax in rs :13200

PL/SQL procedure successfully completed.

SQL> declare
  2
  3  salary number(30):=&salary;
  4  tax number(30):=0;
  5
  6  begin
  7
  8
  9  if( salary>100000) then
 10  tax:=(salary*25)/100;
 11  dbms_output.put_line('You have to pay tax in rs :'||tax);
 12  elsif(salary>60000 and salary<100000) then
 13  tax:=(salary*15)/100;
 14  dbms_output.put_line('You have to pay tax in rs :'||tax);
 15  elsif(salary>40000 and salary <60000) then
 16  tax:=(salary*8)/100;
 17  dbms_output.put_line('You have to pay tax in rs :'||tax);
 18  else
 19  dbms_output.put_line('You donot have to pay tax');
 20  end if;
 21  end;
 22  /
Enter value for salary: 35000
old   3: salary number(30):=&salary;
new   3: salary number(30):=35000;
You donot have to pay tax

PL/SQL procedure successfully completed.

SQL> declare
  2
  3  salary number(30):=&salary;
  4  tax number(30):=0;
  5
  6  begin
  7
  8
  9  if( salary>100000) then
 10  tax:=(salary*25)/100;
 11  dbms_output.put_line('You have to pay tax in rs :'||tax);
 12  elsif(salary>60000 and salary<100000) then
 13  tax:=(salary*15)/100;
 14  dbms_output.put_line('You have to pay tax in rs :'||tax);
 15  elsif(salary>40000 and salary <60000) then
 16  tax:=(salary*8)/100;
 17  dbms_output.put_line('You have to pay tax in rs :'||tax);
 18  else
 19  dbms_output.put_line('You donot have to pay tax');
 20  end if;
 21  end;
 22  /
Enter value for salary: 65463
old   3: salary number(30):=&salary;
new   3: salary number(30):=65463;
You have to pay tax in rs :9819

PL/SQL procedure successfully completed.

SQL> declare
  2  i number(2):=1;
  3
  4  begin
  5
  6  loop
  7  dbms_output.put_line('hello'||i);
  8  i:=i+1;
  9  if(i>=10) then
 10  exit;
 11  end if;
 12  end loop;
 13  end;
 14  /
hello1
hello2
hello3
hello4
hello5
hello6
hello7
hello8
hello9

PL/SQL procedure successfully completed.

SQL> declare
  2  i number(2):=1;
  3
  4  begin
  5
  6  loop
  7  dbms_output.put_line('hello'||i);
  8  i:=i+1;
  9  if(i>=10) then
 10  exit;
 11  end if;
 12  end loop;
 13  end;
 14  /
hello1
hello2
hello3
hello4
hello5
hello6
hello7
hello8
hello9

PL/SQL procedure successfully completed.

SQL> declare
  2  i number(2):=1;
  3
  4  begin
  5
  6  loop
  7  dbms_output.put_line('hello'||i);
  8  i:=i+1;
  9  if(i>10) then
 10  exit;
 11  end if;
 12  end loop;
 13  end;
 14  /
hello1
hello2
hello3
hello4
hello5
hello6
hello7
hello8
hello9
hello10

PL/SQL procedure successfully completed.

SQL> declare
  2  i number(2):=1;
  3
  4  begin
  5
  6  loop
  7  dbms_output.put_line('hello : '||i);
  8  i:=i+1;
  9  if(i>10) then
 10  exit;
 11  end if;
 12  end loop;
 13  end;
 14  /
hello : 1
hello : 2
hello : 3
hello : 4
hello : 5
hello : 6
hello : 7
hello : 8
hello : 9
hello : 10

PL/SQL procedure successfully completed.

SQL> declare
  2  i number(2):=1;
  3
  4  begin
  5
  6  loop
  7  if(i<=10) then
  8  dbms_output.put_line('hello : '||i);
  9  i:=i+1;
 10  else
 11  exit;
 12  end if;
 13  end loop;
 14  end;
 15  /
hello : 1
hello : 2
hello : 3
hello : 4
hello : 5
hello : 6
hello : 7
hello : 8
hello : 9
hello : 10

PL/SQL procedure successfully completed.

SQL> declare
  2  i number(2):=1;
  3  n number(10):=&n;
  4  result number(10):=0;
  5  begin
  6
  7  loop
  8  if(i<=10) then
  9  result=n*i;
 10  dbms_output.put_line(n||' * '||i||' = '|| result);
 11  i:=i+1;
 12  else
 13  exit;
 14  end if;
 15  end loop;
 16  end;
 17  /
Enter value for n: 5
old   3: n number(10):=&n;
new   3: n number(10):=5;
result=n*i;
      *
ERROR at line 9:
ORA-06550: line 9, column 7:
PLS-00103: Encountered the symbol "=" when expecting one of the following:
:= . ( @ % ;
The symbol ":= was inserted before "=" to continue.


SQL> declare
  2  i number(2):=1;
  3  n number(10):=&n;
  4  result number(10):=0;
  5  begin
  6
  7  loop
  8  if(i<=10) then
  9  result:=n*i;
 10  dbms_output.put_line(n||' * '||i||' = '|| result);
 11  i:=i+1;
 12  else
 13  exit;
 14  end if;
 15  end loop;
 16  end;
 17  /
Enter value for n: 5
old   3: n number(10):=&n;
new   3: n number(10):=5;
5 * 1 = 5
5 * 2 = 10
5 * 3 = 15
5 * 4 = 20
5 * 5 = 25
5 * 6 = 30
5 * 7 = 35
5 * 8 = 40
5 * 9 = 45
5 * 10 = 50

PL/SQL procedure successfully completed.

SQL> declare
  2  i number(2):=1;
  3
  4  begin
  5
  6  while(i<=10) loop
  7  dbms_output.put_line('hello : '||i);
  8  i:=i+1;
  9  end loop;
 10  end;
 11  /
hello : 1
hello : 2
hello : 3
hello : 4
hello : 5
hello : 6
hello : 7
hello : 8
hello : 9
hello : 10

PL/SQL procedure successfully completed.

SQL> declare
  2  i number(2);
  3
  4  begin
  5
  6  for i in 1..10 loop
  7     dbms_output.put_line('hello : ' || i);
  8  for loop;
  9  end;
 10  /
for loop;
        *
ERROR at line 8:
ORA-06550: line 8, column 9:
PLS-00103: Encountered the symbol ";" when expecting one of the following:
in


SQL> declare
  2  i number(2);
  3
  4  begin
  5
  6  for i in 1..10 loop
  7     dbms_output.put_line('hello : ' || i);
  8  end loop;
  9  end;
 10  /
hello : 1
hello : 2
hello : 3
hello : 4
hello : 5
hello : 6
hello : 7
hello : 8
hello : 9
hello : 10

PL/SQL procedure successfully completed.

SQL> declare
  2
  3  type strFiveEles varray(5) of  varchar2(20);
  4  avengers strFiveEles
  5
  6  begin
  7
  8  avengers:=strFiveEles('Thor','Iron-man','Hulk','captain','dr.strange');
  9  dbms_output.put_line(avengers(1));
 10
 11  end;
 12  /
type strFiveEles varray(5) of  varchar2(20);
                 *
ERROR at line 3:
ORA-06550: line 3, column 18:
PLS-00103: Encountered the symbol "VARRAY" when expecting one of the following:
; is default authid as force under accessible


SQL> declare
  2
  3  type strFiveEles is varray(5) of  varchar2(20);
  4  avengers strFiveEles
  5
  6  begin
  7
  8  avengers:=strFiveEles('Thor','Iron-man','Hulk','captain','dr.strange');
  9  dbms_output.put_line(avengers(1));
 10
 11  end;
 12  /
begin
*
ERROR at line 6:
ORA-06550: line 6, column 1:
PLS-00103: Encountered the symbol "BEGIN" when expecting one of the following:
:= . ( @ % ; not null range default character
The symbol ";" was substituted for "BEGIN" to continue.


SQL> declare
  2
  3  type strFiveEles is varray(5) of  varchar2(20);
  4  avengers strFiveEles;
  5
  6  begin
  7
  8  avengers:=strFiveEles('Thor','Iron-man','Hulk','captain','dr.strange');
  9  dbms_output.put_line(avengers(1));
 10
 11  end;
 12  /
Thor

PL/SQL procedure successfully completed.

SQL> declare
  2
  3  type strFiveEles is varray(5) of  number(20);
  4  num strFiveEles;
  5  sum number(20):=0;
  6
  7  begin
  8
  9  num:=strFiveEles(10,20,30,40,50);
 10  for i in 1..num.count.loop
 11  sum=sum+num(i);
 12  end loop;
 13
 14  dbms_output.put_line(sum);
 15
 16  end;
 17  /
sum=sum+num(i);
*
ERROR at line 11:
ORA-06550: line 11, column 1:
PLS-00103: Encountered the symbol "SUM" when expecting one of the following:
. ( * @ % & - + / at loop mod remainder rem
<an exponent (**)> || multiset


SQL>
SQL> declare
  2
  3  type strFiveEles is varray(5) of  number(20);
  4  num strFiveEles;
  5  sum number(20):=0;
  6
  7  begin
  8
  9  num:=strFiveEles(10,20,30,40,50);
 10  for i in 1..num.count.loop
 11  sum:=sum+num(i);
 12  end loop;
 13
 14  dbms_output.put_line(sum);
 15
 16  end;
 17  /
sum:=sum+num(i);
*
ERROR at line 11:
ORA-06550: line 11, column 1:
PLS-00103: Encountered the symbol "SUM" when expecting one of the following:
. ( * @ % & - + / at loop mod remainder rem
<an exponent (**)> || multiset


SQL> declare
  2
  3  type strFiveEles is varray(5) of  number(20);
  4  num strFiveEles;
  5  sum number(20):=0;
  6
  7  begin
  8
  9  num:=strFiveEles(10,20,30,40,50);
 10  for i in 1..num.count.loop
 11  sum:=sum+num(i);
 12  end loop;
 13
 14  dbms_output.put_line(sum);
 15
 16  end;
 17  /
sum:=sum+num(i);
*
ERROR at line 11:
ORA-06550: line 11, column 1:
PLS-00103: Encountered the symbol "SUM" when expecting one of the following:
. ( * @ % & - + / at loop mod remainder rem
<an exponent (**)> || multiset


SQL> declare
  2
  3  type strFiveEles is varray(5) of  number(20);
  4  num strFiveEles;
  5  sum number(20):=0;
  6  i number(5);
  7
  8  begin
  9
 10  num:=strFiveEles(10,20,30,40,50);
 11  for i in 1..num.count.loop
 12  sum:=sum+num(i);
 13  end loop;
 14
 15  dbms_output.put_line(sum);
 16
 17  end;
 18  /
sum:=sum+num(i);
*
ERROR at line 12:
ORA-06550: line 12, column 1:
PLS-00103: Encountered the symbol "SUM" when expecting one of the following:
. ( * @ % & - + / at loop mod remainder rem
<an exponent (**)> || multiset


SQL> declare
  2
  3  type strFiveEles is varray(5) of  number(20);
  4  num strFiveEles;
  5  sum number(20):=0;
  6  i number(5);
  7
  8  begin
  9
 10  num:=strFiveEles(10,20,30,40,50);
 11  for i in 1..num.count.loop
 12  sum+:=num(i);
 13  end loop;
 14
 15  dbms_output.put_line(sum);
 16
 17  end;
 18  /
sum+:=num(i);
*
ERROR at line 12:
ORA-06550: line 12, column 1:
PLS-00103: Encountered the symbol "SUM" when expecting one of the following:
. ( * @ % & - + / at loop mod remainder rem
<an exponent (**)> || multiset


SQL> declare
  2
  3  type strFiveEles is varray(5) of  number(20);
  4  num strFiveEles;
  5  sum number(20):=0;
  6  i number(5);
  7
  8  begin
  9
 10  num:=strFiveEles(10,20,30,40,50);
 11  for i in 1..num.count loop
 12  sum:=sum+num(i);
 13  end loop;
 14
 15  dbms_output.put_line(sum);
 16
 17  end;
 18  /
sum:=sum+num(i);
        *
ERROR at line 12:
ORA-06550: line 12, column 9:
PLS-00103: Encountered the symbol "+" when expecting one of the following:
(
The symbol "(" was substituted for "+" to continue.
ORA-06550: line 12, column 16:
PLS-00103: Encountered the symbol ";" when expecting one of the following:
. ( ) * % & - + / at mod remainder rem <an exponent (**)> ||
The symbol ")" was substituted for ";" to continue.
ORA-06550: line 15, column 25:
PLS-00103: Encountered the symbol ")" when expecting one of the following:
(


SQL> declare
  2
  3  type intFiveEles is varray(5) of  number(20);
  4  num intFiveEles;
  5  sum number(20):=0;
  6  i number(5);
  7
  8  begin
  9
 10  num:=intFiveEles(10,20,30,40,50);
 11  for i in 1..num.count loop
 12  sum:=sum+num(i);
 13  end loop;
 14
 15  dbms_output.put_line(sum);
 16
 17  end;
 18  /
sum:=sum+num(i);
        *
ERROR at line 12:
ORA-06550: line 12, column 9:
PLS-00103: Encountered the symbol "+" when expecting one of the following:
(
The symbol "(" was substituted for "+" to continue.
ORA-06550: line 12, column 16:
PLS-00103: Encountered the symbol ";" when expecting one of the following:
. ( ) * % & - + / at mod remainder rem <an exponent (**)> ||
The symbol ")" was substituted for ";" to continue.
ORA-06550: line 15, column 25:
PLS-00103: Encountered the symbol ")" when expecting one of the following:
(


SQL> declare
  2
  3  type intFiveEles is varray(5) of  number(20);
  4  num intFiveEles;
  5  sum1 number(20):=0;
  6  i number(5);
  7
  8  begin
  9
 10  num:=intFiveEles(10,20,30,40,50);
 11  for i in 1..num.count loop
 12  sum1:=sum1+num(i);
 13  end loop;
 14
 15  dbms_output.put_line(sum1);
 16
 17  end;
 18  /
150

PL/SQL procedure successfully completed.

SQL>
SQL> declare
  2
  3  type intFiveEles is varray(5) of  number(20);
  4  num intFiveEles;
  5  sum1 number(20):=0;
  6  i number(5);
  7
  8  begin
  9
 10  num:=intFiveEles(10,20,30,40,50);
 11  for i in 1..num.count loop
 12  sum1:=sum1+num(i);
 13  end loop;
 14
 15  dbms_output.put_line('sum : '||sum1);
 16
 17  end;
 18  /
sum : 150

PL/SQL procedure successfully completed.

SQL> begin
  2  update employees
  3  set city='Hyderabad'
  4  where id = 10;
  5
  6  if sql%notfound = true then
  7  dbms_output.put_line('the record you are trying to update was not found');
  8  else
  9  dbms_output.put_line(sql%rowcount||' rows got updated');
 10  end if;
 11
 12  --dbms_output.put_line(sys.diutil.bool_to_int(sql%found));
 13  --dbms_output.put_line(sys.diutil.bool_to_int(sql%notfound));
 14  --dbms_output.put_line(sql%rowcount);
 15
 16
 17  --delete from employees
 18
 19  --sql%found
 20
 21  end;
 22  /
the record you are trying to update was not found

PL/SQL procedure successfully completed.

SQL> select * from users;

        ID NAME                           USERNAME                       PASSWORD                       BIO                            LINK
                      TYPE                           CREATED_A
---------- ------------------------------ ------------------------------ ------------------------------ ------------------------------ ------------------------------ ------------------------------ ---------
         1 soham                          soham888                       soham@123                      student                        shdued.com
                      public                         16-OCT-23
         3 abhishek                       abhi07                         abhi@123                       student                        dhgfd.com
                      public                         16-OCT-23
         4 gaurav                         gaurav3g                       gaurav@123                     student                        dhgfd.com
                      public                         16-OCT-23
         5 rameshwar                      ramu0933                       ramu@123                       student                        dhgfd.com
                      public                         16-OCT-23
         6 krushna                        krushnam3443                   krushna@123                    student                        dkkrs.com
                      public                         16-OCT-23

SQL> declare
  2  cursor c_users is select id,name,username,bio from employees;
  3  v_id users.id%type;
  4  v_name users.name%type;
  5  v_username users.username%type;
  6  v_bio users.bio%type;
  7
  8  begin
  9
 10  open c_users;
 11
 12  loop
 13
 14  fetch c_users into v_id,v_name,v_username,v_bio;
 15  exit when c_users%notfound = true;
 16  dbms_output.put_line(v_name||' '||v_bio);
 17  end loop;
 18
 19  close c_users;
 20  end;
 21  /
cursor c_users is select id,name,username,bio from employees;
                                          *
ERROR at line 2:
ORA-06550: line 2, column 43:
PL/SQL: ORA-00904: "BIO": invalid identifier
ORA-06550: line 2, column 19:
PL/SQL: SQL Statement ignored


SQL>
SQL> declare
  2  cursor c_users is select id,name,username,bio from users;
  3  v_id users.id%type;
  4  v_name users.name%type;
  5  v_username users.username%type;
  6  v_bio users.bio%type;
  7
  8  begin
  9
 10  open c_users;
 11
 12  loop
 13
 14  fetch c_users into v_id,v_name,v_username,v_bio;
 15  exit when c_users%notfound = true;
 16  dbms_output.put_line(v_name||' '||v_bio);
 17  end loop;
 18
 19  close c_users;
 20  end;
 21  /
soham student
abhishek student
gaurav student
rameshwar student
krushna student

PL/SQL procedure successfully completed.

SQL> create or replace procedure getSqr(n in number)
  2  as
  3  begin
  4
  5  dbms_output.put_line(n*n);
  6  end;
  7  /

Procedure created.

SQL> execute getSqr(5)
25

PL/SQL procedure successfully completed.

SQL> create or replace procedure getEmp(eid in number,ename out employees.name%type , esalary out employees.salary%type)
  2  as
  3  begin
  4
  5  select name , salary into ename,esalary from employees where id = eid;
  6  end;
  7  /

Procedure created.

SQL> declare
  2  eid employees.id%type := &eid;
  3  ename employees.name%type := &ename;
  4  esalary employees.salary%type :=&esalary
  5
  6  begin
  7  getEmp(2);
  8  dbms_output_put_line(ename||' '||esalary);
  9  end;
 10  /
Enter value for eid: 1
old   2: eid employees.id%type := &eid;
new   2: eid employees.id%type := 1;
Enter value for ename: soham
old   3: ename employees.name%type := &ename;
new   3: ename employees.name%type := soham;
Enter value for esalary: 35000
old   4: esalary employees.salary%type :=&esalary
new   4: esalary employees.salary%type :=35000
begin
*
ERROR at line 6:
ORA-06550: line 6, column 1:
PLS-00103: Encountered the symbol "BEGIN" when expecting one of the following:
* & = - + ; < / > at in is mod remainder not rem
<an exponent (**)> <> or != or ~= >= <= <> and or like like2
like4 likec between || multiset member submultiset
The symbol ";" was substituted for "BEGIN" to continue.


SQL> create or replace funnction getData(ename in varchar2) return employees.email%type
  2  is
  3  e_email employees.email%type;
create or replace funnction getData(ename in varchar2) return employees.email%type
                  *
ERROR at line 1:
ORA-00922: missing or invalid option


SQL> begin
  2
  3  select email into e_email from employees where name='soham';
  4
  5  return e_email;
  6
  7  end;
  8  /
select email into e_email from employees where name='soham';
                  *
ERROR at line 3:
ORA-06550: line 3, column 19:
PLS-00201: identifier 'E_EMAIL' must be declared
ORA-06550: line 3, column 27:
PL/SQL: ORA-00904: : invalid identifier
ORA-06550: line 3, column 1:
PL/SQL: SQL Statement ignored
ORA-06550: line 5, column 1:
PLS-00372: In a procedure, RETURN statement cannot contain an expression
ORA-06550: line 5, column 1:
PL/SQL: Statement ignored


SQL>
SQL> create or replace funnction getData(ename in varchar2) return employees.email%type
  2  is
  3  e_email employees.email%type;
create or replace funnction getData(ename in varchar2) return employees.email%type
                  *
ERROR at line 1:
ORA-00922: missing or invalid option


SQL> begin
  2
  3  select email into e_email from employees where name='soham';
  4
  5  return e_email;
  6
  7  end;
  8  /
select email into e_email from employees where name='soham';
                  *
ERROR at line 3:
ORA-06550: line 3, column 19:
PLS-00201: identifier 'E_EMAIL' must be declared
ORA-06550: line 3, column 27:
PL/SQL: ORA-00904: : invalid identifier
ORA-06550: line 3, column 1:
PL/SQL: SQL Statement ignored
ORA-06550: line 5, column 1:
PLS-00372: In a procedure, RETURN statement cannot contain an expression
ORA-06550: line 5, column 1:
PL/SQL: Statement ignored


SQL> create or replace function getData(ename in varchar2) return employees.email%type
  2  is
  3  e_email employees.email%type;
  4  begin
  5
  6  select email into e_email from employees where name='soham';
  7
  8  return e_email;
  9
 10  end;
 11  /

Function created.

SQL> declare
  2  name varchar2;
  3  begin
  4  name:=getData('soham');
  5  dbms_output.put_line(name);
  6  end;
  7  /
name varchar2;
     *
ERROR at line 2:
ORA-06550: line 2, column 6:
PLS-00215: String length constraints must be in range (1 .. 32767)


SQL> create or replace function getData(ename in varchar2) return employees.email%type
  2  is
  3  e_email employees.email%type;
  4  begin
  5
  6  select email into e_email from employees where name='ename';
  7
  8  return e_email;
  9
 10  end;
 11  /

Function created.

SQL> declare
  2      name varchar2(30);
  3      begin
  4      name:=getData('soham');
  5      dbms_output.put_line(name);
  6      end;
  7   /
declare
*
ERROR at line 1:
ORA-01403: no data found
ORA-06512: at "USER493.GETDATA", line 6
ORA-06512: at line 4


SQL> declare
  2      name varchar2(30);
  3  begin
  4      name:=getData('soham');
  5      dbms_output.put_line(name);
  6   end;
  7   /
declare
*
ERROR at line 1:
ORA-01403: no data found
ORA-06512: at "USER493.GETDATA", line 6
ORA-06512: at line 4


SQL> declare
  2      name varchar2(30);
  3  begin
  4      name:=getData('soham');
  5      dbms_output.put_line(name);
  6   end;
  7   /
declare
*
ERROR at line 1:
ORA-01403: no data found
ORA-06512: at "USER493.GETDATA", line 6
ORA-06512: at line 4


SQL> select * from employees;

        ID NAME                           CITY                           EMAIL                              SALARY        DID CREATED_A
---------- ------------------------------ ------------------------------ ------------------------------ ---------- ---------- ---------
         1 soham                          Pune                           soham@gmail.com                     35000          2 16-OCT-23
         2 abhi                           Pune                           abhi@gmail.com                      35000          2 16-OCT-23
         3 ramu                           Mumbai                         ramu@gmail.com                      45000          1 16-OCT-23
         4 nikhil                         Mumbai                         nikhil@gmail.com                    55000          4 16-OCT-23
         7 gaurav                         delhi                          gaurav@gmail.com                    60000          5 16-OCT-23
         8 krushna                        banglore                       krushna@gmail.com                   50000            16-OCT-23

6 rows selected.

SQL> create or replace function getData(ename in varchar2) return employees.email%type
  2  is
  3  e_email employees.email%type;
  4  begin
  5
  6  select email into e_email from employees where name=ename;
  7
  8  return e_email;
  9
 10  end;
 11  /

Function created.

SQL> declare
  2      name varchar2(30);
  3  begin
  4      name:=getData('soham');
  5      dbms_output.put_line(name);
  6   end;
  7   /
soham@gmail.com

PL/SQL procedure successfully completed.

SQL> create or replace function getSal(ename in varchar2) return employees.salary%type
  2  is
  3  e_sal employees.salary%type;
  4  begin
  5
  6  select salary into e_sal from employees where name=ename;
  7  e_sal:=(e_sal*10)/100;
  8  return e_sal;
  9
 10  end;
 11  /

Function created.

SQL> declare
  2      name varchar2(30);
  3  begin
  4      name:=getSal('soham');
  5      dbms_output.put_line(name);
  6   end;
  7   /
3500

PL/SQL procedure successfully completed.

SQL> create or replace trigger displayUpdateMessage
  2  after update on employees
  3  for each row
  4  begin
  5
  6  dbms_output.put_line('someone updated employees table');
  7
  8  end;
  9  /

Trigger created.

SQL> update table employees set name ='soham g' where id=1;
update table employees set name ='soham g' where id=1
       *
ERROR at line 1:
ORA-00903: invalid table name


SQL> update employees set name ='soham g' where id=1;
someone updated employees table

1 row updated.

SQL> create or replace trigger displayUpdateMessage
  2  after update on employees
  3  for each row
  4  begin
  5
  6  dbms_output.put_line('someone updated employees table');
  7  dbms_output.put_line(:old.name||' '||:old.city);
  8  dbms_output.put_line(:new.name||' '||:new.city);
  9
 10  end;
 11  /

Trigger created.

SQL> update employees set city ='PUNE' where name='soham g;
ERROR:
ORA-01756: quoted string not properly terminated


SQL> update employees set city ='PUNE' where name='soham g';
someone updated employees table
soham g Pune
soham g PUNE

1 row updated.

SQL> create or replace trigger displayUpdateMessage
  2  after update on employees
  3  for each row
  4  begin
  5
  6  dbms_output.put_line('someone updated employees table');
  7  dbms_output.put_line(:old.name||' '||:old.city);
  8  dbms_output.put_line(:new.name||' '||:new.city);
  9  dbms_output.put_line(:old.salary-:new-salary);
 10
 11  end;
 12  /

Warning: Trigger created with compilation errors.

SQL> update employees set salary=100000 where id=1;
update employees set salary=100000 where id=1
       *
ERROR at line 1:
ORA-04098: trigger 'USER493.DISPLAYUPDATEMESSAGE' is invalid and failed re-validation


SQL> create or replace trigger displayUpdateMessage
  2  after update on employees
  3  for each row
  4  begin
  5
  6  dbms_output.put_line('someone updated employees table');
  7  dbms_output.put_line(:old.name||' '||:old.city);
  8  dbms_output.put_line(:new.name||' '||:new.city);
  9  dbms_output.put_line((:old.salary)-(:new-salary));
 10
 11  end;
 12  /

Warning: Trigger created with compilation errors.

SQL> create or replace trigger displayUpdateMessage
  2  after update on employees
  3  for each row
  4  begin
  5
  6  dbms_output.put_line('someone updated employees table');
  7  dbms_output.put_line(:old.name||' '||:old.city);
  8  dbms_output.put_line(:new.name||' '||:new.city);
  9  dbms_output.put_line((:old.salary-:new-salary));
 10
 11  end;
 12  /

Warning: Trigger created with compilation errors.

SQL> update employees set salary=100000 where id=1;
update employees set salary=100000 where id=1
       *
ERROR at line 1:
ORA-04098: trigger 'USER493.DISPLAYUPDATEMESSAGE' is invalid and failed re-validation


SQL>